../Core/Src/main.c:140:6:UART2_SendString	16	static
../Core/Src/main.c:144:6:microDelay	16	static
../Core/Src/main.c:150:9:DHT22_Start	32	static
../Core/Src/main.c:179:9:DHT22_Read	16	static
../Core/Src/main.c:203:6:UART6_SendData	16	static
../Core/Src/main.c:232:6:UART6_SendData_Temp	16	static
../Core/Src/main.c:237:6:UART6_SendData_Temp1	16	static
../Core/Src/main.c:242:6:ReadDHT22	16	static
../Core/Src/main.c:277:6:ReadHR	56	static
../Core/Src/main.c:308:6:ReadTmp	24	static
../Core/Src/main.c:336:5:main	8	static
../Core/Src/main.c:432:6:SystemClock_Config	88	static
../Core/Src/main.c:478:13:MX_I2C1_Init	8	static
../Core/Src/main.c:512:13:MX_I2C3_Init	8	static
../Core/Src/main.c:546:13:MX_TIM2_Init	32	static
../Core/Src/main.c:591:13:MX_USART2_UART_Init	8	static
../Core/Src/main.c:624:13:MX_USART6_UART_Init	8	static
../Core/Src/main.c:657:13:MX_GPIO_Init	48	static
../Core/Src/main.c:725:6:HAL_GPIO_EXTI_Callback	16	static
../Core/Src/main.c:755:6:StartDefaultTask	16	static
../Core/Src/main.c:786:6:StartTask02	48	static
../Core/Src/main.c:812:6:StartTask03	16	static
../Core/Src/main.c:831:6:StartTask04	16	static
../Core/Src/main.c:850:6:HAL_TIM_PeriodElapsedCallback	16	static
../Core/Src/main.c:867:6:Error_Handler	4	static,ignoring_inline_asm
