Archive member included to satisfy reference by file (symbol)

c:/st/stm32cubeide_1.11.0/stm32cubeide/plugins/com.st.stm32cube.ide.mcu.externaltools.gnu-tools-for-stm32.10.3-2021.10.win32_1.0.200.202301161003/tools/bin/../lib/gcc/arm-none-eabi/10.3.1/../../../../arm-none-eabi/lib/thumb/v7e-m+fp/hard\libc_nano.a(lib_a-errno.o)
                              ./Core/Src/syscalls.o (__errno)
c:/st/stm32cubeide_1.11.0/stm32cubeide/plugins/com.st.stm32cube.ide.mcu.externaltools.gnu-tools-for-stm32.10.3-2021.10.win32_1.0.200.202301161003/tools/bin/../lib/gcc/arm-none-eabi/10.3.1/../../../../arm-none-eabi/lib/thumb/v7e-m+fp/hard\libc_nano.a(lib_a-exit.o)
                              c:/st/stm32cubeide_1.11.0/stm32cubeide/plugins/com.st.stm32cube.ide.mcu.externaltools.gnu-tools-for-stm32.10.3-2021.10.win32_1.0.200.202301161003/tools/bin/../lib/gcc/arm-none-eabi/10.3.1/../../../../arm-none-eabi/lib/thumb/v7e-m+fp/hard/crt0.o (exit)
c:/st/stm32cubeide_1.11.0/stm32cubeide/plugins/com.st.stm32cube.ide.mcu.externaltools.gnu-tools-for-stm32.10.3-2021.10.win32_1.0.200.202301161003/tools/bin/../lib/gcc/arm-none-eabi/10.3.1/../../../../arm-none-eabi/lib/thumb/v7e-m+fp/hard\libc_nano.a(lib_a-findfp.o)
                              ./Middlewares/Third_Party/FreeRTOS/Source/tasks.o (__sf_fake_stderr)
c:/st/stm32cubeide_1.11.0/stm32cubeide/plugins/com.st.stm32cube.ide.mcu.externaltools.gnu-tools-for-stm32.10.3-2021.10.win32_1.0.200.202301161003/tools/bin/../lib/gcc/arm-none-eabi/10.3.1/../../../../arm-none-eabi/lib/thumb/v7e-m+fp/hard\libc_nano.a(lib_a-fwalk.o)
                              c:/st/stm32cubeide_1.11.0/stm32cubeide/plugins/com.st.stm32cube.ide.mcu.externaltools.gnu-tools-for-stm32.10.3-2021.10.win32_1.0.200.202301161003/tools/bin/../lib/gcc/arm-none-eabi/10.3.1/../../../../arm-none-eabi/lib/thumb/v7e-m+fp/hard\libc_nano.a(lib_a-findfp.o) (_fwalk)
c:/st/stm32cubeide_1.11.0/stm32cubeide/plugins/com.st.stm32cube.ide.mcu.externaltools.gnu-tools-for-stm32.10.3-2021.10.win32_1.0.200.202301161003/tools/bin/../lib/gcc/arm-none-eabi/10.3.1/../../../../arm-none-eabi/lib/thumb/v7e-m+fp/hard\libc_nano.a(lib_a-impure.o)
                              c:/st/stm32cubeide_1.11.0/stm32cubeide/plugins/com.st.stm32cube.ide.mcu.externaltools.gnu-tools-for-stm32.10.3-2021.10.win32_1.0.200.202301161003/tools/bin/../lib/gcc/arm-none-eabi/10.3.1/../../../../arm-none-eabi/lib/thumb/v7e-m+fp/hard\libc_nano.a(lib_a-exit.o) (_global_impure_ptr)
c:/st/stm32cubeide_1.11.0/stm32cubeide/plugins/com.st.stm32cube.ide.mcu.externaltools.gnu-tools-for-stm32.10.3-2021.10.win32_1.0.200.202301161003/tools/bin/../lib/gcc/arm-none-eabi/10.3.1/../../../../arm-none-eabi/lib/thumb/v7e-m+fp/hard\libc_nano.a(lib_a-init.o)
                              c:/st/stm32cubeide_1.11.0/stm32cubeide/plugins/com.st.stm32cube.ide.mcu.externaltools.gnu-tools-for-stm32.10.3-2021.10.win32_1.0.200.202301161003/tools/bin/../lib/gcc/arm-none-eabi/10.3.1/../../../../arm-none-eabi/lib/thumb/v7e-m+fp/hard/crt0.o (__libc_init_array)
c:/st/stm32cubeide_1.11.0/stm32cubeide/plugins/com.st.stm32cube.ide.mcu.externaltools.gnu-tools-for-stm32.10.3-2021.10.win32_1.0.200.202301161003/tools/bin/../lib/gcc/arm-none-eabi/10.3.1/../../../../arm-none-eabi/lib/thumb/v7e-m+fp/hard\libc_nano.a(lib_a-lock.o)
                              c:/st/stm32cubeide_1.11.0/stm32cubeide/plugins/com.st.stm32cube.ide.mcu.externaltools.gnu-tools-for-stm32.10.3-2021.10.win32_1.0.200.202301161003/tools/bin/../lib/gcc/arm-none-eabi/10.3.1/../../../../arm-none-eabi/lib/thumb/v7e-m+fp/hard\libc_nano.a(lib_a-findfp.o) (__retarget_lock_init_recursive)
c:/st/stm32cubeide_1.11.0/stm32cubeide/plugins/com.st.stm32cube.ide.mcu.externaltools.gnu-tools-for-stm32.10.3-2021.10.win32_1.0.200.202301161003/tools/bin/../lib/gcc/arm-none-eabi/10.3.1/../../../../arm-none-eabi/lib/thumb/v7e-m+fp/hard\libc_nano.a(lib_a-memcpy-stub.o)
                              ./Middlewares/Third_Party/FreeRTOS/Source/CMSIS_RTOS_V2/cmsis_os2.o (memcpy)
c:/st/stm32cubeide_1.11.0/stm32cubeide/plugins/com.st.stm32cube.ide.mcu.externaltools.gnu-tools-for-stm32.10.3-2021.10.win32_1.0.200.202301161003/tools/bin/../lib/gcc/arm-none-eabi/10.3.1/../../../../arm-none-eabi/lib/thumb/v7e-m+fp/hard\libc_nano.a(lib_a-memset.o)
                              c:/st/stm32cubeide_1.11.0/stm32cubeide/plugins/com.st.stm32cube.ide.mcu.externaltools.gnu-tools-for-stm32.10.3-2021.10.win32_1.0.200.202301161003/tools/bin/../lib/gcc/arm-none-eabi/10.3.1/../../../../arm-none-eabi/lib/thumb/v7e-m+fp/hard/crt0.o (memset)
c:/st/stm32cubeide_1.11.0/stm32cubeide/plugins/com.st.stm32cube.ide.mcu.externaltools.gnu-tools-for-stm32.10.3-2021.10.win32_1.0.200.202301161003/tools/bin/../lib/gcc/arm-none-eabi/10.3.1/../../../../arm-none-eabi/lib/thumb/v7e-m+fp/hard\libc_nano.a(lib_a-nano-mallocr.o)
[...]
Memory Configuration

Name             Origin             Length             Attributes
RAM              0x0000000020000000 0x0000000000018000 xrw
FLASH            0x0000000008000000 0x0000000000080000 xr
*default*        0x0000000000000000 0xffffffffffffffff

Linker script and memory map

LOAD c:/st/stm32cubeide_1.11.0/stm32cubeide/plugins/com.st.stm32cube.ide.mcu.externaltools.gnu-tools-for-stm32.10.3-2021.10.win32_1.0.200.202301161003/tools/bin/../lib/gcc/arm-none-eabi/10.3.1/thumb/v7e-m+fp/hard/crti.o
LOAD c:/st/stm32cubeide_1.11.0/stm32cubeide/plugins/com.st.stm32cube.ide.mcu.externaltools.gnu-tools-for-stm32.10.3-2021.10.win32_1.0.200.202301161003/tools/bin/../lib/gcc/arm-none-eabi/10.3.1/thumb/v7e-m+fp/hard/crtbegin.o
LOAD c:/st/stm32cubeide_1.11.0/stm32cubeide/plugins/com.st.stm32cube.ide.mcu.externaltools.gnu-tools-for-stm32.10.3-2021.10.win32_1.0.200.202301161003/tools/bin/../lib/gcc/arm-none-eabi/10.3.1/../../../../arm-none-eabi/lib/thumb/v7e-m+fp/hard/crt0.o
LOAD ./Core/Src/MAX30102/MAX30102.o
LOAD ./Core/Src/MAX30102/algorithm.o
LOAD ./Core/Src/freertos.o
LOAD ./Core/Src/main.o
LOAD ./Core/Src/stm32f4xx_hal_msp.o
LOAD ./Core/Src/stm32f4xx_hal_timebase_tim.o
LOAD ./Core/Src/stm32f4xx_it.o
LOAD ./Core/Src/syscalls.o
LOAD ./Core/Src/sysmem.o
LOAD ./Core/Src/system_stm32f4xx.o
LOAD ./Core/Startup/startup_stm32f401retx.o
LOAD ./Drivers/STM32F4xx_HAL_Driver/Src/stm32f4xx_hal.o
LOAD ./Drivers/STM32F4xx_HAL_Driver/Src/stm32f4xx_hal_cortex.o
LOAD ./Drivers/STM32F4xx_HAL_Driver/Src/stm32f4xx_hal_dma.o
LOAD ./Drivers/STM32F4xx_HAL_Driver/Src/stm32f4xx_hal_dma_ex.o
LOAD ./Drivers/STM32F4xx_HAL_Driver/Src/stm32f4xx_hal_exti.o
LOAD ./Drivers/STM32F4xx_HAL_Driver/Src/stm32f4xx_hal_flash.o
LOAD ./Drivers/STM32F4xx_HAL_Driver/Src/stm32f4xx_hal_flash_ex.o
LOAD ./Drivers/STM32F4xx_HAL_Driver/Src/stm32f4xx_hal_flash_ramfunc.o
LOAD ./Drivers/STM32F4xx_HAL_Driver/Src/stm32f4xx_hal_gpio.o
LOAD ./Drivers/STM32F4xx_HAL_Driver/Src/stm32f4xx_hal_i2c.o
LOAD ./Drivers/STM32F4xx_HAL_Driver/Src/stm32f4xx_hal_i2c_ex.o
LOAD ./Drivers/STM32F4xx_HAL_Driver/Src/stm32f4xx_hal_pwr.o
LOAD ./Drivers/STM32F4xx_HAL_Driver/Src/stm32f4xx_hal_pwr_ex.o
LOAD ./Drivers/STM32F4xx_HAL_Driver/Src/stm32f4xx_hal_rcc.o
LOAD ./Drivers/STM32F4xx_HAL_Driver/Src/stm32f4xx_hal_rcc_ex.o
LOAD ./Drivers/STM32F4xx_HAL_Driver/Src/stm32f4xx_hal_tim.o
LOAD ./Drivers/STM32F4xx_HAL_Driver/Src/stm32f4xx_hal_tim_ex.o
LOAD ./Drivers/STM32F4xx_HAL_Driver/Src/stm32f4xx_hal_uart.o
LOAD ./Middlewares/Third_Party/FreeRTOS/Source/CMSIS_RTOS_V2/cmsis_os2.o
LOAD ./Middlewares/Third_Party/FreeRTOS/Source/croutine.o
LOAD ./Middlewares/Third_Party/FreeRTOS/Source/event_groups.o
LOAD ./Middlewares/Third_Party/FreeRTOS/Source/list.o
LOAD ./Middlewares/Third_Party/FreeRTOS/Source/queue.o
LOAD ./Middlewares/Third_Party/FreeRTOS/Source/stream_buffer.o
LOAD ./Middlewares/Third_Party/FreeRTOS/Source/tasks.o
LOAD ./Middlewares/Third_Party/FreeRTOS/Source/timers.o
LOAD ./Middlewares/Third_Party/FreeRTOS/Source/portable/GCC/ARM_CM4F/port.o
LOAD ./Middlewares/Third_Party/FreeRTOS/Source/portable/MemMang/heap_4.o
START GROUP
LOAD c:/st/stm32cubeide_1.11.0/stm32cubeide/plugins/com.st.stm32cube.ide.mcu.externaltools.gnu-tools-for-stm32.10.3-2021.10.win32_1.0.200.202301161003/tools/bin/../lib/gcc/arm-none-eabi/10.3.1/../../../../arm-none-eabi/lib/thumb/v7e-m+fp/hard\libc_nano.a
LOAD c:/st/stm32cubeide_1.11.0/stm32cubeide/plugins/com.st.stm32cube.ide.mcu.externaltools.gnu-tools-for-stm32.10.3-2021.10.win32_1.0.200.202301161003/tools/bin/../lib/gcc/arm-none-eabi/10.3.1/../../../../arm-none-eabi/lib/thumb/v7e-m+fp/hard\libm.a
END GROUP
START GROUP
LOAD c:/st/stm32cubeide_1.11.0/stm32cubeide/plugins/com.st.stm32cube.ide.mcu.externaltools.gnu-tools-for-stm32.10.3-2021.10.win32_1.0.200.202301161003/tools/bin/../lib/gcc/arm-none-eabi/10.3.1/thumb/v7e-m+fp/hard\libgcc.a
LOAD c:/st/stm32cubeide_1.11.0/stm32cubeide/plugins/com.st.stm32cube.ide.mcu.externaltools.gnu-tools-for-stm32.10.3-2021.10.win32_1.0.200.202301161003/tools/bin/../lib/gcc/arm-none-eabi/10.3.1/../../../../arm-none-eabi/lib/thumb/v7e-m+fp/hard\libc_nano.a
END GROUP
START GROUP
LOAD c:/st/stm32cubeide_1.11.0/stm32cubeide/plugins/com.st.stm32cube.ide.mcu.externaltools.gnu-tools-for-stm32.10.3-2021.10.win32_1.0.200.202301161003/tools/bin/../lib/gcc/arm-none-eabi/10.3.1/thumb/v7e-m+fp/hard\libgcc.a
LOAD c:/st/stm32cubeide_1.11.0/stm32cubeide/plugins/com.st.stm32cube.ide.mcu.externaltools.gnu-tools-for-stm32.10.3-2021.10.win32_1.0.200.202301161003/tools/bin/../lib/gcc/arm-none-eabi/10.3.1/../../../../arm-none-eabi/lib/thumb/v7e-m+fp/hard\libc_nano.a
LOAD c:/st/stm32cubeide_1.11.0/stm32cubeide/plugins/com.st.stm32cube.ide.mcu.externaltools.gnu-tools-for-stm32.10.3-2021.10.win32_1.0.200.202301161003/tools/bin/../lib/gcc/arm-none-eabi/10.3.1/../../../../arm-none-eabi/lib/thumb/v7e-m+fp/hard\libnosys.a
END GROUP
START GROUP
LOAD c:/st/stm32cubeide_1.11.0/stm32cubeide/plugins/com.st.stm32cube.ide.mcu.externaltools.gnu-tools-for-stm32.10.3-2021.10.win32_1.0.200.202301161003/tools/bin/../lib/gcc/arm-none-eabi/10.3.1/thumb/v7e-m+fp/hard\libgcc.a
LOAD c:/st/stm32cubeide_1.11.0/stm32cubeide/plugins/com.st.stm32cube.ide.mcu.externaltools.gnu-tools-for-stm32.10.3-2021.10.win32_1.0.200.202301161003/tools/bin/../lib/gcc/arm-none-eabi/10.3.1/../../../../arm-none-eabi/lib/thumb/v7e-m+fp/hard\libc_nano.a
LOAD c:/st/stm32cubeide_1.11.0/stm32cubeide/plugins/com.st.stm32cube.ide.mcu.externaltools.gnu-tools-for-stm32.10.3-2021.10.win32_1.0.200.202301161003/tools/bin/../lib/gcc/arm-none-eabi/10.3.1/../../../../arm-none-eabi/lib/thumb/v7e-m+fp/hard\libnosys.a
END GROUP
LOAD c:/st/stm32cubeide_1.11.0/stm32cubeide/plugins/com.st.stm32cube.ide.mcu.externaltools.gnu-tools-for-stm32.10.3-2021.10.win32_1.0.200.202301161003/tools/bin/../lib/gcc/arm-none-eabi/10.3.1/thumb/v7e-m+fp/hard/crtend.o
LOAD c:/st/stm32cubeide_1.11.0/stm32cubeide/plugins/com.st.stm32cube.ide.mcu.externaltools.gnu-tools-for-stm32.10.3-2021.10.win32_1.0.200.202301161003/tools/bin/../lib/gcc/arm-none-eabi/10.3.1/thumb/v7e-m+fp/hard/crtn.o
                0x0000000020018000                _estack = (ORIGIN (RAM) + LENGTH (RAM))
                0x0000000000000200                _Min_Heap_Size = 0x200
                0x0000000000000400                _Min_Stack_Size = 0x400

.isr_vector     0x0000000008000000      0x194
                0x0000000008000000                . = ALIGN (0x4)
 *(.isr_vector)
 .isr_vector    0x0000000008000000      0x194 ./Core/Startup/startup_stm32f401retx.o
                0x0000000008000000                g_pfnVectors
                0x0000000008000194                . = ALIGN (0x4)

.text           0x00000000080001a0     0xb958
                0x00000000080001a0                . = ALIGN (0x4)
 *(.text)
 .text          0x00000000080001a0       0x40 c:/st/stm32cubeide_1.11.0/stm32cubeide/plugins/com.st.stm32cube.ide.mcu.externaltools.gnu-tools-for-stm32.10.3-2021.10.win32_1.0.200.202301161003/tools/bin/../lib/gcc/arm-none-eabi/10.3.1/thumb/v7e-m+fp/hard/crtbegin.o
 .text          0x00000000080001e0       0x10 c:/st/stm32cubeide_1.11.0/stm32cubeide/plugins/com.st.stm32cube.ide.mcu.externaltools.gnu-tools-for-stm32.10.3-2021.10.win32_1.0.200.202301161003/tools/bin/../lib/gcc/arm-none-eabi/10.3.1/../../../../arm-none-eabi/lib/thumb/v7e-m+fp/hard\libc_nano.a(lib_a-strlen.o)
                0x00000000080001e0                strlen
 .text          0x00000000080001f0       0xa0 c:/st/stm32cubeide_1.11.0/stm32cubeide/plugins/com.st.stm32cube.ide.mcu.externaltools.gnu-tools-for-stm32.10.3-2021.10.win32_1.0.200.202301161003/tools/bin/../lib/gcc/arm-none-eabi/10.3.1/../../../../arm-none-eabi/lib/thumb/v7e-m+fp/hard\libc_nano.a(lib_a-memchr.o)
                0x00000000080001f0                memchr
 .text          0x0000000008000290      0x254 c:/st/stm32cubeide_1.11.0/stm32cubeide/plugins/com.st.stm32cube.ide.mcu.externaltools.gnu-tools-for-stm32.10.3-2021.10.win32_1.0.200.202301161003/tools/bin/../lib/gcc/arm-none-eabi/10.3.1/thumb/v7e-m+fp/hard\libgcc.a(_arm_muldf3.o)
                0x0000000008000290                __muldf3
                0x0000000008000290                __aeabi_dmul
 .text          0x00000000080004e4      0x378 c:/st/stm32cubeide_1.11.0/stm32cubeide/plugins/com.st.stm32cube.ide.mcu.externaltools.gnu-tools-for-stm32.10.3-2021.10.win32_1.0.200.202301161003/tools/bin/../lib/gcc/arm-none-eabi/10.3.1/thumb/v7e-m+fp/hard\libgcc.a(_arm_addsubdf3.o)
                0x00000000080004e4                __aeabi_drsub
                0x00000000080004ec                __aeabi_dsub
                0x00000000080004ec                __subdf3
                0x00000000080004f0                __aeabi_dadd
                0x00000000080004f0                __adddf3
                0x0000000008000768                __floatunsidf
                0x0000000008000768                __aeabi_ui2d
                0x0000000008000788                __floatsidf
                0x0000000008000788                __aeabi_i2d
                0x00000000080007ac                __aeabi_f2d
                0x00000000080007ac                __extendsfdf2
                0x00000000080007f0                __floatundidf
                0x00000000080007f0                __aeabi_ul2d
                0x0000000008000800                __floatdidf
                0x0000000008000800                __aeabi_l2d
 .text          0x000000000800085c       0x50 c:/st/stm32cubeide_1.11.0/stm32cubeide/plugins/com.st.stm32cube.ide.mcu.externaltools.gnu-tools-for-stm32.10.3-2021.10.win32_1.0.200.202301161003/tools/bin/../lib/gcc/arm-none-eabi/10.3.1/thumb/v7e-m+fp/hard\libgcc.a(_arm_fixdfsi.o)
                0x000000000800085c                __aeabi_d2iz
                0x000000000800085c                __fixdfsi
 .text          0x00000000080008ac       0x30 c:/st/stm32cubeide_1.11.0/stm32cubeide/plugins/com.st.stm32cube.ide.mcu.externaltools.gnu-tools-for-stm32.10.3-2021.10.win32_1.0.200.202301161003/tools/bin/../lib/gcc/arm-none-eabi/10.3.1/thumb/v7e-m+fp/hard\libgcc.a(_aeabi_uldivmod.o)
                0x00000000080008ac                __aeabi_uldivmod
 .text          0x00000000080008dc      0x2d0 c:/st/stm32cubeide_1.11.0/stm32cubeide/plugins/com.st.stm32cube.ide.mcu.externaltools.gnu-tools-for-stm32.10.3-2021.10.win32_1.0.200.202301161003/tools/bin/../lib/gcc/arm-none-eabi/10.3.1/thumb/v7e-m+fp/hard\libgcc.a(_udivmoddi4.o)
                0x00000000080008dc                __udivmoddi4
 .text          0x0000000008000bac        0x4 c:/st/stm32cubeide_1.11.0/stm32cubeide/plugins/com.st.stm32cube.ide.mcu.externaltools.gnu-tools-for-stm32.10.3-2021.10.win32_1.0.200.202301161003/tools/bin/../lib/gcc/arm-none-eabi/10.3.1/thumb/v7e-m+fp/hard\libgcc.a(_dvmd_tls.o)
                0x0000000008000bac                __aeabi_idiv0
                0x0000000008000bac                __aeabi_ldiv0
 *(.text*)
 .text.GetIsFingerOnScreen
                0x0000000008000bb0       0x18 ./Core/Src/MAX30102/MAX30102.o
                0x0000000008000bb0                GetIsFingerOnScreen
 .text.UART2_GetState
                0x0000000008000bc8       0x44 ./Core/Src/MAX30102/MAX30102.o
                0x0000000008000bc8                UART2_GetState
 .text.Max30102_WriteReg
                0x0000000008000c0c       0x44 ./Core/Src/MAX30102/MAX30102.o
                0x0000000008000c0c                Max30102_WriteReg
 .text.Max30102_ReadReg
                0x0000000008000c50       0x40 ./Core/Src/MAX30102/MAX30102.o
                0x0000000008000c50                Max30102_ReadReg
 .text.Max30102_WriteRegisterBit
                0x0000000008000c90       0x7e ./Core/Src/MAX30102/MAX30102.o
                0x0000000008000c90                Max30102_WriteRegisterBit
 *fill*         0x0000000008000d0e        0x2 
 .text.Max30102_ReadFifo
                0x0000000008000d10       0xdc ./Core/Src/MAX30102/MAX30102.o
                0x0000000008000d10                Max30102_ReadFifo
 .text.Max30102_SetIntAlmostFullEnabled
                0x0000000008000dec       0x20 ./Core/Src/MAX30102/MAX30102.o
                0x0000000008000dec                Max30102_SetIntAlmostFullEnabled
 .text.Max30102_SetIntFifoDataReadyEnabled
                0x0000000008000e0c       0x20 ./Core/Src/MAX30102/MAX30102.o
                0x0000000008000e0c                Max30102_SetIntFifoDataReadyEnabled
 .text.Max30102_ReadInterruptStatus
                0x0000000008000e2c       0x48 ./Core/Src/MAX30102/MAX30102.o
                0x0000000008000e2c                Max30102_ReadInterruptStatus
 .text.Max30102_InterruptCallback
                0x0000000008000e74      0x164 ./Core/Src/MAX30102/MAX30102.o
                0x0000000008000e74                Max30102_InterruptCallback
 .text.Max30102_FifoWritePointer
                0x0000000008000fd8       0x2e ./Core/Src/MAX30102/MAX30102.o
                0x0000000008000fd8                Max30102_FifoWritePointer
 .text.Max30102_FifoOverflowCounter
                0x0000000008001006       0x2e ./Core/Src/MAX30102/MAX30102.o
                0x0000000008001006                Max30102_FifoOverflowCounter
 .text.Max30102_FifoReadPointer
                0x0000000008001034       0x2e ./Core/Src/MAX30102/MAX30102.o
                0x0000000008001034                Max30102_FifoReadPointer
 .text.Max30102_FifoSampleAveraging
                0x0000000008001062       0x5a ./Core/Src/MAX30102/MAX30102.o
                0x0000000008001062                Max30102_FifoSampleAveraging
 .text.Max30102_FifoRolloverEnable
                0x00000000080010bc       0x26 ./Core/Src/MAX30102/MAX30102.o
                0x00000000080010bc                Max30102_FifoRolloverEnable
 .text.Max30102_FifoAlmostFullValue
                0x00000000080010e2       0x7a ./Core/Src/MAX30102/MAX30102.o
                0x00000000080010e2                Max30102_FifoAlmostFullValue
 .text.Max30102_Reset
                0x000000000800115c       0x44 ./Core/Src/MAX30102/MAX30102.o
                0x000000000800115c                Max30102_Reset
 .text.Max30102_SetMode
                0x00000000080011a0       0x5e ./Core/Src/MAX30102/MAX30102.o
                0x00000000080011a0                Max30102_SetMode
 .text.Max30102_SpO2AdcRange
                0x00000000080011fe       0x60 ./Core/Src/MAX30102/MAX30102.o
                0x00000000080011fe                Max30102_SpO2AdcRange
 .text.Max30102_SpO2SampleRate
                0x000000000800125e       0x60 ./Core/Src/MAX30102/MAX30102.o
                0x000000000800125e                Max30102_SpO2SampleRate
 .text.Max30102_SpO2LedPulseWidth
                0x00000000080012be       0x5e ./Core/Src/MAX30102/MAX30102.o
                0x00000000080012be                Max30102_SpO2LedPulseWidth
 .text.Max30102_Led1PulseAmplitude
                0x000000000800131c       0x28 ./Core/Src/MAX30102/MAX30102.o
                0x000000000800131c                Max30102_Led1PulseAmplitude
 .text.Max30102_Led2PulseAmplitude
                0x0000000008001344       0x28 ./Core/Src/MAX30102/MAX30102.o
                0x0000000008001344                Max30102_Led2PulseAmplitude
 .text.Max30102_GetHeartRate
                0x000000000800136c       0x18 ./Core/Src/MAX30102/MAX30102.o
                0x000000000800136c                Max30102_GetHeartRate
 .text.Max30102_Task
                0x0000000008001384      0x16c ./Core/Src/MAX30102/MAX30102.o
                0x0000000008001384                Max30102_Task
 .text.Max30102_Init
                0x00000000080014f0      0x12c ./Core/Src/MAX30102/MAX30102.o
                0x00000000080014f0                Max30102_Init
 .text.maxim_heart_rate_and_oxygen_saturation
                0x000000000800161c      0xa34 ./Core/Src/MAX30102/algorithm.o
                0x000000000800161c                maxim_heart_rate_and_oxygen_saturation
 .text.maxim_find_peaks
                0x0000000008002050       0x42 ./Core/Src/MAX30102/algorithm.o
                0x0000000008002050                maxim_find_peaks
 .text.maxim_peaks_above_min_height
                0x0000000008002092       0xe8 ./Core/Src/MAX30102/algorithm.o
                0x0000000008002092                maxim_peaks_above_min_height
 .text.maxim_remove_close_peaks
                0x000000000800217a       0xc0 ./Core/Src/MAX30102/algorithm.o
                0x000000000800217a                maxim_remove_close_peaks
 .text.maxim_sort_ascend
                0x000000000800223a       0x86 ./Core/Src/MAX30102/algorithm.o
                0x000000000800223a                maxim_sort_ascend
 .text.maxim_sort_indices_descend
                0x00000000080022c0       0x98 ./Core/Src/MAX30102/algorithm.o
                0x00000000080022c0                maxim_sort_indices_descend
 .text.UART2_SendString
                0x0000000008002358       0x2c ./Core/Src/main.o
                0x0000000008002358                UART2_SendString
 .text.microDelay
                0x0000000008002384       0x34 ./Core/Src/main.o
                0x0000000008002384                microDelay
 .text.DHT22_Start
                0x00000000080023b8       0xf0 ./Core/Src/main.o
                0x00000000080023b8                DHT22_Start
 .text.DHT22_Read
                0x00000000080024a8       0xf8 ./Core/Src/main.o
                0x00000000080024a8                DHT22_Read
 .text.UART6_SendData
                0x00000000080025a0       0x94 ./Core/Src/main.o
                0x00000000080025a0                UART6_SendData
 .text.UART6_SendData_Temp
                0x0000000008002634       0x24 ./Core/Src/main.o
                0x0000000008002634                UART6_SendData_Temp
 .text.UART6_SendData_Temp1
                0x0000000008002658       0x24 ./Core/Src/main.o
                0x0000000008002658                UART6_SendData_Temp1
 .text.ReadDHT22
                0x000000000800267c      0x278 ./Core/Src/main.o
                0x000000000800267c                ReadDHT22
 .text.ReadHR   0x00000000080028f4       0xf0 ./Core/Src/main.o
                0x00000000080028f4                ReadHR
 *fill*         0x00000000080029e4        0x4 
 .text.ReadTmp  0x00000000080029e8      0x18c ./Core/Src/main.o
                0x00000000080029e8                ReadTmp
 .text.main     0x0000000008002b74       0xd4 ./Core/Src/main.o
                0x0000000008002b74                main
 .text.SystemClock_Config
                0x0000000008002c48       0xd8 ./Core/Src/main.o
                0x0000000008002c48                SystemClock_Config
 .text.MX_I2C1_Init
                0x0000000008002d20       0x5c ./Core/Src/main.o
 .text.MX_I2C3_Init
                0x0000000008002d7c       0x5c ./Core/Src/main.o
 .text.MX_TIM2_Init
                0x0000000008002dd8       0x98 ./Core/Src/main.o
 .text.MX_USART2_UART_Init
                0x0000000008002e70       0x54 ./Core/Src/main.o
 .text.MX_USART6_UART_Init
                0x0000000008002ec4       0x54 ./Core/Src/main.o
 .text.MX_GPIO_Init
                0x0000000008002f18      0x178 ./Core/Src/main.o
 .text.HAL_GPIO_EXTI_Callback
                0x0000000008003090       0x84 ./Core/Src/main.o
                0x0000000008003090                HAL_GPIO_EXTI_Callback
 .text.StartDefaultTask
                0x0000000008003114       0x40 ./Core/Src/main.o
                0x0000000008003114                StartDefaultTask
 .text.StartTask02
                0x0000000008003154       0x58 ./Core/Src/main.o
                0x0000000008003154                StartTask02
 .text.StartTask03
                0x00000000080031ac       0x16 ./Core/Src/main.o
                0x00000000080031ac                StartTask03
 .text.StartTask04
                0x00000000080031c2       0x16 ./Core/Src/main.o
                0x00000000080031c2                StartTask04
 .text.HAL_TIM_PeriodElapsedCallback
                0x00000000080031d8       0x24 ./Core/Src/main.o
                0x00000000080031d8                HAL_TIM_PeriodElapsedCallback
 .text.Error_Handler
                0x00000000080031fc        0xa ./Core/Src/main.o
                0x00000000080031fc                Error_Handler
 *fill*         0x0000000008003206        0x2 
 .text.HAL_MspInit
                0x0000000008003208       0x58 ./Core/Src/stm32f4xx_hal_msp.o
                0x0000000008003208                HAL_MspInit
 .text.HAL_I2C_MspInit
                0x0000000008003260      0x160 ./Core/Src/stm32f4xx_hal_msp.o
                0x0000000008003260                HAL_I2C_MspInit
 .text.HAL_TIM_Base_MspInit
                0x00000000080033c0       0x40 ./Core/Src/stm32f4xx_hal_msp.o
                0x00000000080033c0                HAL_TIM_Base_MspInit
 .text.HAL_UART_MspInit
                0x0000000008003400       0xfc ./Core/Src/stm32f4xx_hal_msp.o
                0x0000000008003400                HAL_UART_MspInit
 .text.HAL_InitTick
                0x00000000080034fc       0xe4 ./Core/Src/stm32f4xx_hal_timebase_tim.o
                0x00000000080034fc                HAL_InitTick
 .text.NMI_Handler
                0x00000000080035e0        0x6 ./Core/Src/stm32f4xx_it.o
                0x00000000080035e0                NMI_Handler
 .text.HardFault_Handler
                0x00000000080035e6        0x6 ./Core/Src/stm32f4xx_it.o
                0x00000000080035e6                HardFault_Handler
 .text.MemManage_Handler
                0x00000000080035ec        0x6 ./Core/Src/stm32f4xx_it.o
                0x00000000080035ec                MemManage_Handler
 .text.BusFault_Handler
                0x00000000080035f2        0x6 ./Core/Src/stm32f4xx_it.o
                0x00000000080035f2                BusFault_Handler
 .text.UsageFault_Handler
                0x00000000080035f8        0x6 ./Core/Src/stm32f4xx_it.o
                0x00000000080035f8                UsageFault_Handler
 .text.DebugMon_Handler
                0x00000000080035fe        0xe ./Core/Src/stm32f4xx_it.o
                0x00000000080035fe                DebugMon_Handler
 .text.EXTI0_IRQHandler
                0x000000000800360c        0xe ./Core/Src/stm32f4xx_it.o
                0x000000000800360c                EXTI0_IRQHandler
 .text.EXTI1_IRQHandler
                0x000000000800361a        0xe ./Core/Src/stm32f4xx_it.o
                0x000000000800361a                EXTI1_IRQHandler
 .text.EXTI9_5_IRQHandler
                0x0000000008003628       0x10 ./Core/Src/stm32f4xx_it.o
                0x0000000008003628                EXTI9_5_IRQHandler
 .text.TIM1_UP_TIM10_IRQHandler
                0x0000000008003638       0x14 ./Core/Src/stm32f4xx_it.o
                0x0000000008003638                TIM1_UP_TIM10_IRQHandler
 .text.I2C1_EV_IRQHandler
                0x000000000800364c       0x14 ./Core/Src/stm32f4xx_it.o
                0x000000000800364c                I2C1_EV_IRQHandler
 .text.I2C1_ER_IRQHandler
                0x0000000008003660       0x14 ./Core/Src/stm32f4xx_it.o
                0x0000000008003660                I2C1_ER_IRQHandler
 .text.EXTI15_10_IRQHandler
                0x0000000008003674       0x10 ./Core/Src/stm32f4xx_it.o
                0x0000000008003674                EXTI15_10_IRQHandler
 .text._sbrk    0x0000000008003684       0x6c ./Core/Src/sysmem.o
                0x0000000008003684                _sbrk
 .text.SystemInit
                0x00000000080036f0       0x24 ./Core/Src/system_stm32f4xx.o
                0x00000000080036f0                SystemInit
 .text.Reset_Handler
                0x0000000008003714       0x50 ./Core/Startup/startup_stm32f401retx.o
                0x0000000008003714                Reset_Handler
 .text.Default_Handler
                0x0000000008003764        0x2 ./Core/Startup/startup_stm32f401retx.o
                0x0000000008003764                RTC_Alarm_IRQHandler
                0x0000000008003764                EXTI2_IRQHandler
                0x0000000008003764                SPI4_IRQHandler
                0x0000000008003764                TIM1_CC_IRQHandler
                0x0000000008003764                DMA2_Stream5_IRQHandler
                0x0000000008003764                DMA1_Stream5_IRQHandler
                0x0000000008003764                PVD_IRQHandler
                0x0000000008003764                SDIO_IRQHandler
                0x0000000008003764                TAMP_STAMP_IRQHandler
                0x0000000008003764                EXTI3_IRQHandler
                0x0000000008003764                I2C3_ER_IRQHandler
                0x0000000008003764                I2C2_EV_IRQHandler
                0x0000000008003764                DMA1_Stream2_IRQHandler
                0x0000000008003764                FPU_IRQHandler
                0x0000000008003764                DMA2_Stream2_IRQHandler
                0x0000000008003764                SPI1_IRQHandler
                0x0000000008003764                TIM1_BRK_TIM9_IRQHandler
                0x0000000008003764                DMA2_Stream3_IRQHandler
                0x0000000008003764                USART6_IRQHandler
                0x0000000008003764                DMA2_Stream0_IRQHandler
                0x0000000008003764                TIM4_IRQHandler
                0x0000000008003764                DMA1_Stream6_IRQHandler
                0x0000000008003764                DMA1_Stream1_IRQHandler
                0x0000000008003764                TIM3_IRQHandler
                0x0000000008003764                RCC_IRQHandler
                0x0000000008003764                Default_Handler
                0x0000000008003764                ADC_IRQHandler
                0x0000000008003764                DMA1_Stream7_IRQHandler
                0x0000000008003764                TIM5_IRQHandler
                0x0000000008003764                DMA2_Stream7_IRQHandler
                0x0000000008003764                I2C3_EV_IRQHandler
                0x0000000008003764                RTC_WKUP_IRQHandler
                0x0000000008003764                SPI2_IRQHandler
                0x0000000008003764                DMA1_Stream0_IRQHandler
                0x0000000008003764                EXTI4_IRQHandler
                0x0000000008003764                WWDG_IRQHandler
                0x0000000008003764                TIM2_IRQHandler
                0x0000000008003764                OTG_FS_WKUP_IRQHandler
                0x0000000008003764                TIM1_TRG_COM_TIM11_IRQHandler
                0x0000000008003764                USART2_IRQHandler
                0x0000000008003764                I2C2_ER_IRQHandler
                0x0000000008003764                DMA2_Stream1_IRQHandler
                0x0000000008003764                FLASH_IRQHandler
                0x0000000008003764                DMA2_Stream4_IRQHandler
                0x0000000008003764                USART1_IRQHandler
                0x0000000008003764                OTG_FS_IRQHandler
                0x0000000008003764                SPI3_IRQHandler
                0x0000000008003764                DMA1_Stream4_IRQHandler
                0x0000000008003764                DMA2_Stream6_IRQHandler
                0x0000000008003764                DMA1_Stream3_IRQHandler
 *fill*         0x0000000008003766        0x2 
 .text.HAL_Init
                0x0000000008003768       0x44 ./Drivers/STM32F4xx_HAL_Driver/Src/stm32f4xx_hal.o
                0x0000000008003768                HAL_Init
 .text.HAL_IncTick
                0x00000000080037ac       0x28 ./Drivers/STM32F4xx_HAL_Driver/Src/stm32f4xx_hal.o
                0x00000000080037ac                HAL_IncTick
 .text.HAL_GetTick
                0x00000000080037d4       0x18 ./Drivers/STM32F4xx_HAL_Driver/Src/stm32f4xx_hal.o
                0x00000000080037d4                HAL_GetTick
 .text.HAL_Delay
                0x00000000080037ec       0x48 ./Drivers/STM32F4xx_HAL_Driver/Src/stm32f4xx_hal.o
                0x00000000080037ec                HAL_Delay
 .text.__NVIC_SetPriorityGrouping
                0x0000000008003834       0x48 ./Drivers/STM32F4xx_HAL_Driver/Src/stm32f4xx_hal_cortex.o
 .text.__NVIC_GetPriorityGrouping
                0x000000000800387c       0x1c ./Drivers/STM32F4xx_HAL_Driver/Src/stm32f4xx_hal_cortex.o
 .text.__NVIC_EnableIRQ
                0x0000000008003898       0x3c ./Drivers/STM32F4xx_HAL_Driver/Src/stm32f4xx_hal_cortex.o
 .text.__NVIC_SetPriority
                0x00000000080038d4       0x54 ./Drivers/STM32F4xx_HAL_Driver/Src/stm32f4xx_hal_cortex.o
 .text.NVIC_EncodePriority
                0x0000000008003928       0x66 ./Drivers/STM32F4xx_HAL_Driver/Src/stm32f4xx_hal_cortex.o
 .text.HAL_NVIC_SetPriorityGrouping
                0x000000000800398e       0x16 ./Drivers/STM32F4xx_HAL_Driver/Src/stm32f4xx_hal_cortex.o
                0x000000000800398e                HAL_NVIC_SetPriorityGrouping
 .text.HAL_NVIC_SetPriority
                0x00000000080039a4       0x38 ./Drivers/STM32F4xx_HAL_Driver/Src/stm32f4xx_hal_cortex.o
                0x00000000080039a4                HAL_NVIC_SetPriority
 .text.HAL_NVIC_EnableIRQ
                0x00000000080039dc       0x1c ./Drivers/STM32F4xx_HAL_Driver/Src/stm32f4xx_hal_cortex.o
                0x00000000080039dc                HAL_NVIC_EnableIRQ
 .text.HAL_DMA_Abort_IT
                0x00000000080039f8       0x44 ./Drivers/STM32F4xx_HAL_Driver/Src/stm32f4xx_hal_dma.o
                0x00000000080039f8                HAL_DMA_Abort_IT
 .text.HAL_DMA_GetState
                0x0000000008003a3c       0x1c ./Drivers/STM32F4xx_HAL_Driver/Src/stm32f4xx_hal_dma.o
                0x0000000008003a3c                HAL_DMA_GetState
 .text.HAL_GPIO_Init
                0x0000000008003a58      0x308 ./Drivers/STM32F4xx_HAL_Driver/Src/stm32f4xx_hal_gpio.o
                0x0000000008003a58                HAL_GPIO_Init
 .text.HAL_GPIO_ReadPin
                0x0000000008003d60       0x30 ./Drivers/STM32F4xx_HAL_Driver/Src/stm32f4xx_hal_gpio.o
                0x0000000008003d60                HAL_GPIO_ReadPin
 .text.HAL_GPIO_WritePin
                0x0000000008003d90       0x32 ./Drivers/STM32F4xx_HAL_Driver/Src/stm32f4xx_hal_gpio.o
                0x0000000008003d90                HAL_GPIO_WritePin
 *fill*         0x0000000008003dc2        0x2 
 .text.HAL_GPIO_EXTI_IRQHandler
                0x0000000008003dc4       0x30 ./Drivers/STM32F4xx_HAL_Driver/Src/stm32f4xx_hal_gpio.o
                0x0000000008003dc4                HAL_GPIO_EXTI_IRQHandler
 .text.HAL_I2C_Init
                0x0000000008003df4      0x288 ./Drivers/STM32F4xx_HAL_Driver/Src/stm32f4xx_hal_i2c.o
                0x0000000008003df4                HAL_I2C_Init
 .text.HAL_I2C_Mem_Write
                0x000000000800407c      0x1f4 ./Drivers/STM32F4xx_HAL_Driver/Src/stm32f4xx_hal_i2c.o
                0x000000000800407c                HAL_I2C_Mem_Write
 .text.HAL_I2C_Mem_Read
                0x0000000008004270      0x44c ./Drivers/STM32F4xx_HAL_Driver/Src/stm32f4xx_hal_i2c.o
                0x0000000008004270                HAL_I2C_Mem_Read
 .text.HAL_I2C_EV_IRQHandler
                0x00000000080046bc      0x2e2 ./Drivers/STM32F4xx_HAL_Driver/Src/stm32f4xx_hal_i2c.o
                0x00000000080046bc                HAL_I2C_EV_IRQHandler
 .text.HAL_I2C_ER_IRQHandler
                0x000000000800499e      0x14e ./Drivers/STM32F4xx_HAL_Driver/Src/stm32f4xx_hal_i2c.o
                0x000000000800499e                HAL_I2C_ER_IRQHandler
 .text.HAL_I2C_MasterTxCpltCallback
                0x0000000008004aec       0x14 ./Drivers/STM32F4xx_HAL_Driver/Src/stm32f4xx_hal_i2c.o
                0x0000000008004aec                HAL_I2C_MasterTxCpltCallback
 .text.HAL_I2C_MasterRxCpltCallback
                0x0000000008004b00       0x14 ./Drivers/STM32F4xx_HAL_Driver/Src/stm32f4xx_hal_i2c.o
                0x0000000008004b00                HAL_I2C_MasterRxCpltCallback
 .text.HAL_I2C_SlaveTxCpltCallback
                0x0000000008004b14       0x14 ./Drivers/STM32F4xx_HAL_Driver/Src/stm32f4xx_hal_i2c.o
                0x0000000008004b14                HAL_I2C_SlaveTxCpltCallback
 .text.HAL_I2C_SlaveRxCpltCallback
                0x0000000008004b28       0x14 ./Drivers/STM32F4xx_HAL_Driver/Src/stm32f4xx_hal_i2c.o
                0x0000000008004b28                HAL_I2C_SlaveRxCpltCallback
 .text.HAL_I2C_AddrCallback
                0x0000000008004b3c       0x1c ./Drivers/STM32F4xx_HAL_Driver/Src/stm32f4xx_hal_i2c.o
                0x0000000008004b3c                HAL_I2C_AddrCallback
 .text.HAL_I2C_ListenCpltCallback
                0x0000000008004b58       0x14 ./Drivers/STM32F4xx_HAL_Driver/Src/stm32f4xx_hal_i2c.o
                0x0000000008004b58                HAL_I2C_ListenCpltCallback
 .text.HAL_I2C_MemTxCpltCallback
                0x0000000008004b6c       0x14 ./Drivers/STM32F4xx_HAL_Driver/Src/stm32f4xx_hal_i2c.o
                0x0000000008004b6c                HAL_I2C_MemTxCpltCallback
 .text.HAL_I2C_MemRxCpltCallback
                0x0000000008004b80       0x14 ./Drivers/STM32F4xx_HAL_Driver/Src/stm32f4xx_hal_i2c.o
                0x0000000008004b80                HAL_I2C_MemRxCpltCallback
 .text.HAL_I2C_ErrorCallback
                0x0000000008004b94       0x14 ./Drivers/STM32F4xx_HAL_Driver/Src/stm32f4xx_hal_i2c.o
                0x0000000008004b94                HAL_I2C_ErrorCallback
 .text.HAL_I2C_AbortCpltCallback
                0x0000000008004ba8       0x14 ./Drivers/STM32F4xx_HAL_Driver/Src/stm32f4xx_hal_i2c.o
                0x0000000008004ba8                HAL_I2C_AbortCpltCallback
 .text.I2C_MasterTransmit_TXE
                0x0000000008004bbc      0x138 ./Drivers/STM32F4xx_HAL_Driver/Src/stm32f4xx_hal_i2c.o
 .text.I2C_MasterTransmit_BTF
                0x0000000008004cf4       0xec ./Drivers/STM32F4xx_HAL_Driver/Src/stm32f4xx_hal_i2c.o
 .text.I2C_MemoryTransmit_TXE_BTF
                0x0000000008004de0      0x128 ./Drivers/STM32F4xx_HAL_Driver/Src/stm32f4xx_hal_i2c.o
 .text.I2C_MasterReceive_RXNE
                0x0000000008004f08      0x176 ./Drivers/STM32F4xx_HAL_Driver/Src/stm32f4xx_hal_i2c.o
 .text.I2C_MasterReceive_BTF
                0x000000000800507e      0x1d4 ./Drivers/STM32F4xx_HAL_Driver/Src/stm32f4xx_hal_i2c.o
 .text.I2C_Master_SB
                0x0000000008005252      0x10c ./Drivers/STM32F4xx_HAL_Driver/Src/stm32f4xx_hal_i2c.o
 .text.I2C_Master_ADD10
                0x000000000800535e       0x54 ./Drivers/STM32F4xx_HAL_Driver/Src/stm32f4xx_hal_i2c.o
 .text.I2C_Master_ADDR
                0x00000000080053b2      0x322 ./Drivers/STM32F4xx_HAL_Driver/Src/stm32f4xx_hal_i2c.o
 .text.I2C_SlaveTransmit_TXE
                0x00000000080056d4       0x7a ./Drivers/STM32F4xx_HAL_Driver/Src/stm32f4xx_hal_i2c.o
 .text.I2C_SlaveTransmit_BTF
                0x000000000800574e       0x42 ./Drivers/STM32F4xx_HAL_Driver/Src/stm32f4xx_hal_i2c.o
 .text.I2C_SlaveReceive_RXNE
                0x0000000008005790       0x7c ./Drivers/STM32F4xx_HAL_Driver/Src/stm32f4xx_hal_i2c.o
 .text.I2C_SlaveReceive_BTF
                0x000000000800580c       0x44 ./Drivers/STM32F4xx_HAL_Driver/Src/stm32f4xx_hal_i2c.o
 .text.I2C_Slave_ADDR
                0x0000000008005850       0x94 ./Drivers/STM32F4xx_HAL_Driver/Src/stm32f4xx_hal_i2c.o
 .text.I2C_Slave_STOPF
                0x00000000080058e4      0x260 ./Drivers/STM32F4xx_HAL_Driver/Src/stm32f4xx_hal_i2c.o
 .text.I2C_Slave_AF
                0x0000000008005b44       0xe0 ./Drivers/STM32F4xx_HAL_Driver/Src/stm32f4xx_hal_i2c.o
 .text.I2C_ITError
                0x0000000008005c24      0x264 ./Drivers/STM32F4xx_HAL_Driver/Src/stm32f4xx_hal_i2c.o
 .text.I2C_RequestMemoryWrite
                0x0000000008005e88      0x12c ./Drivers/STM32F4xx_HAL_Driver/Src/stm32f4xx_hal_i2c.o
 .text.I2C_RequestMemoryRead
                0x0000000008005fb4      0x1d0 ./Drivers/STM32F4xx_HAL_Driver/Src/stm32f4xx_hal_i2c.o
 .text.I2C_DMAAbort
                0x0000000008006184      0x150 ./Drivers/STM32F4xx_HAL_Driver/Src/stm32f4xx_hal_i2c.o
 .text.I2C_WaitOnFlagUntilTimeout
                0x00000000080062d4       0xae ./Drivers/STM32F4xx_HAL_Driver/Src/stm32f4xx_hal_i2c.o
 .text.I2C_WaitOnMasterAddressFlagUntilTimeout
                0x0000000008006382       0xfe ./Drivers/STM32F4xx_HAL_Driver/Src/stm32f4xx_hal_i2c.o
 .text.I2C_WaitOnTXEFlagUntilTimeout
                0x0000000008006480       0x82 ./Drivers/STM32F4xx_HAL_Driver/Src/stm32f4xx_hal_i2c.o
 .text.I2C_WaitOnBTFFlagUntilTimeout
                0x0000000008006502       0x82 ./Drivers/STM32F4xx_HAL_Driver/Src/stm32f4xx_hal_i2c.o
 .text.I2C_WaitOnSTOPRequestThroughIT
                0x0000000008006584       0x64 ./Drivers/STM32F4xx_HAL_Driver/Src/stm32f4xx_hal_i2c.o
 .text.I2C_WaitOnRXNEFlagUntilTimeout
                0x00000000080065e8       0xac ./Drivers/STM32F4xx_HAL_Driver/Src/stm32f4xx_hal_i2c.o
 .text.I2C_IsAcknowledgeFailed
                0x0000000008006694       0x5e ./Drivers/STM32F4xx_HAL_Driver/Src/stm32f4xx_hal_i2c.o
 .text.I2C_ConvertOtherXferOptions
                0x00000000080066f2       0x36 ./Drivers/STM32F4xx_HAL_Driver/Src/stm32f4xx_hal_i2c.o
 .text.HAL_RCC_OscConfig
                0x0000000008006728      0x4f0 ./Drivers/STM32F4xx_HAL_Driver/Src/stm32f4xx_hal_rcc.o
                0x0000000008006728                HAL_RCC_OscConfig
 .text.HAL_RCC_ClockConfig
                0x0000000008006c18      0x1cc ./Drivers/STM32F4xx_HAL_Driver/Src/stm32f4xx_hal_rcc.o
                0x0000000008006c18                HAL_RCC_ClockConfig
 .text.HAL_RCC_GetSysClockFreq
                0x0000000008006de4      0x20c ./Drivers/STM32F4xx_HAL_Driver/Src/stm32f4xx_hal_rcc.o
                0x0000000008006de4                HAL_RCC_GetSysClockFreq
 .text.HAL_RCC_GetHCLKFreq
                0x0000000008006ff0       0x18 ./Drivers/STM32F4xx_HAL_Driver/Src/stm32f4xx_hal_rcc.o
                0x0000000008006ff0                HAL_RCC_GetHCLKFreq
 .text.HAL_RCC_GetPCLK1Freq
                0x0000000008007008       0x28 ./Drivers/STM32F4xx_HAL_Driver/Src/stm32f4xx_hal_rcc.o
                0x0000000008007008                HAL_RCC_GetPCLK1Freq
 .text.HAL_RCC_GetPCLK2Freq
                0x0000000008007030       0x28 ./Drivers/STM32F4xx_HAL_Driver/Src/stm32f4xx_hal_rcc.o
                0x0000000008007030                HAL_RCC_GetPCLK2Freq
 .text.HAL_RCC_GetClockConfig
                0x0000000008007058       0x64 ./Drivers/STM32F4xx_HAL_Driver/Src/stm32f4xx_hal_rcc.o
                0x0000000008007058                HAL_RCC_GetClockConfig
 .text.HAL_TIM_Base_Init
                0x00000000080070bc       0x9e ./Drivers/STM32F4xx_HAL_Driver/Src/stm32f4xx_hal_tim.o
                0x00000000080070bc                HAL_TIM_Base_Init
 *fill*         0x000000000800715a        0x2 
 .text.HAL_TIM_Base_Start
                0x000000000800715c       0xb4 ./Drivers/STM32F4xx_HAL_Driver/Src/stm32f4xx_hal_tim.o
                0x000000000800715c                HAL_TIM_Base_Start
 .text.HAL_TIM_Base_Start_IT
                0x0000000008007210       0xc4 ./Drivers/STM32F4xx_HAL_Driver/Src/stm32f4xx_hal_tim.o
                0x0000000008007210                HAL_TIM_Base_Start_IT
 .text.HAL_TIM_IRQHandler
                0x00000000080072d4      0x210 ./Drivers/STM32F4xx_HAL_Driver/Src/stm32f4xx_hal_tim.o
                0x00000000080072d4                HAL_TIM_IRQHandler
 .text.HAL_TIM_ConfigClockSource
                0x00000000080074e4      0x18e ./Drivers/STM32F4xx_HAL_Driver/Src/stm32f4xx_hal_tim.o
                0x00000000080074e4                HAL_TIM_ConfigClockSource
 .text.HAL_TIM_OC_DelayElapsedCallback
                0x0000000008007672       0x14 ./Drivers/STM32F4xx_HAL_Driver/Src/stm32f4xx_hal_tim.o
                0x0000000008007672                HAL_TIM_OC_DelayElapsedCallback
 .text.HAL_TIM_IC_CaptureCallback
                0x0000000008007686       0x14 ./Drivers/STM32F4xx_HAL_Driver/Src/stm32f4xx_hal_tim.o
                0x0000000008007686                HAL_TIM_IC_CaptureCallback
 .text.HAL_TIM_PWM_PulseFinishedCallback
                0x000000000800769a       0x14 ./Drivers/STM32F4xx_HAL_Driver/Src/stm32f4xx_hal_tim.o
                0x000000000800769a                HAL_TIM_PWM_PulseFinishedCallback
 .text.HAL_TIM_TriggerCallback
                0x00000000080076ae       0x14 ./Drivers/STM32F4xx_HAL_Driver/Src/stm32f4xx_hal_tim.o
                0x00000000080076ae                HAL_TIM_TriggerCallback
 *fill*         0x00000000080076c2        0x2 
 .text.TIM_Base_SetConfig
                0x00000000080076c4      0x100 ./Drivers/STM32F4xx_HAL_Driver/Src/stm32f4xx_hal_tim.o
                0x00000000080076c4                TIM_Base_SetConfig
 .text.TIM_TI1_ConfigInputStage
                0x00000000080077c4       0x5e ./Drivers/STM32F4xx_HAL_Driver/Src/stm32f4xx_hal_tim.o
 .text.TIM_TI2_ConfigInputStage
                0x0000000008007822       0x60 ./Drivers/STM32F4xx_HAL_Driver/Src/stm32f4xx_hal_tim.o
 .text.TIM_ITRx_SetConfig
                0x0000000008007882       0x36 ./Drivers/STM32F4xx_HAL_Driver/Src/stm32f4xx_hal_tim.o
 .text.TIM_ETR_SetConfig
                0x00000000080078b8       0x40 ./Drivers/STM32F4xx_HAL_Driver/Src/stm32f4xx_hal_tim.o
                0x00000000080078b8                TIM_ETR_SetConfig
 .text.HAL_TIMEx_MasterConfigSynchronization
                0x00000000080078f8       0xdc ./Drivers/STM32F4xx_HAL_Driver/Src/stm32f4xx_hal_tim_ex.o
                0x00000000080078f8                HAL_TIMEx_MasterConfigSynchronization
 .text.HAL_TIMEx_CommutCallback
                0x00000000080079d4       0x14 ./Drivers/STM32F4xx_HAL_Driver/Src/stm32f4xx_hal_tim_ex.o
                0x00000000080079d4                HAL_TIMEx_CommutCallback
 .text.HAL_TIMEx_BreakCallback
                0x00000000080079e8       0x14 ./Drivers/STM32F4xx_HAL_Driver/Src/stm32f4xx_hal_tim_ex.o
                0x00000000080079e8                HAL_TIMEx_BreakCallback
 .text.HAL_UART_Init
                0x00000000080079fc       0x9a ./Drivers/STM32F4xx_HAL_Driver/Src/stm32f4xx_hal_uart.o
                0x00000000080079fc                HAL_UART_Init
 .text.HAL_UART_Transmit
                0x0000000008007a96      0x124 ./Drivers/STM32F4xx_HAL_Driver/Src/stm32f4xx_hal_uart.o
                0x0000000008007a96                HAL_UART_Transmit
 .text.UART_WaitOnFlagUntilTimeout
                0x0000000008007bba       0xdc ./Drivers/STM32F4xx_HAL_Driver/Src/stm32f4xx_hal_uart.o
 *fill*         0x0000000008007c96        0x2 
 .text.UART_SetConfig
                0x0000000008007c98      0x4e8 ./Drivers/STM32F4xx_HAL_Driver/Src/stm32f4xx_hal_uart.o
 .text.__NVIC_SetPriority
                0x0000000008008180       0x54 ./Middlewares/Third_Party/FreeRTOS/Source/CMSIS_RTOS_V2/cmsis_os2.o
 .text.SysTick_Handler
                0x00000000080081d4       0x20 ./Middlewares/Third_Party/FreeRTOS/Source/CMSIS_RTOS_V2/cmsis_os2.o
                0x00000000080081d4                SysTick_Handler
 .text.SVC_Setup
                0x00000000080081f4       0x12 ./Middlewares/Third_Party/FreeRTOS/Source/CMSIS_RTOS_V2/cmsis_os2.o
 *fill*         0x0000000008008206        0x2 
 .text.osKernelInitialize
                0x0000000008008208       0x48 ./Middlewares/Third_Party/FreeRTOS/Source/CMSIS_RTOS_V2/cmsis_os2.o
                0x0000000008008208                osKernelInitialize
 .text.osKernelStart
                0x0000000008008250       0x4c ./Middlewares/Third_Party/FreeRTOS/Source/CMSIS_RTOS_V2/cmsis_os2.o
                0x0000000008008250                osKernelStart
 .text.osThreadNew
                0x000000000800829c      0x124 ./Middlewares/Third_Party/FreeRTOS/Source/CMSIS_RTOS_V2/cmsis_os2.o
                0x000000000800829c                osThreadNew
 .text.osDelay  0x00000000080083c0       0x36 ./Middlewares/Third_Party/FreeRTOS/Source/CMSIS_RTOS_V2/cmsis_os2.o
                0x00000000080083c0                osDelay
 .text.osMessageQueueNew
                0x00000000080083f6       0xe6 ./Middlewares/Third_Party/FreeRTOS/Source/CMSIS_RTOS_V2/cmsis_os2.o
                0x00000000080083f6                osMessageQueueNew
 .text.osMessageQueuePut
                0x00000000080084dc       0xc0 ./Middlewares/Third_Party/FreeRTOS/Source/CMSIS_RTOS_V2/cmsis_os2.o
                0x00000000080084dc                osMessageQueuePut
 .text.osMessageQueueGet
                0x000000000800859c       0xbc ./Middlewares/Third_Party/FreeRTOS/Source/CMSIS_RTOS_V2/cmsis_os2.o
                0x000000000800859c                osMessageQueueGet
 .text.vApplicationGetIdleTaskMemory
                0x0000000008008658       0x34 ./Middlewares/Third_Party/FreeRTOS/Source/CMSIS_RTOS_V2/cmsis_os2.o
                0x0000000008008658                vApplicationGetIdleTaskMemory
 .text.vApplicationGetTimerTaskMemory
                0x000000000800868c       0x34 ./Middlewares/Third_Party/FreeRTOS/Source/CMSIS_RTOS_V2/cmsis_os2.o
                0x000000000800868c                vApplicationGetTimerTaskMemory
 .text.vListInitialise
                0x00000000080086c0       0x40 ./Middlewares/Third_Party/FreeRTOS/Source/list.o
                0x00000000080086c0                vListInitialise
 .text.vListInitialiseItem
                0x0000000008008700       0x1a ./Middlewares/Third_Party/FreeRTOS/Source/list.o
                0x0000000008008700                vListInitialiseItem
 .text.vListInsertEnd
                0x000000000800871a       0x48 ./Middlewares/Third_Party/FreeRTOS/Source/list.o
                0x000000000800871a                vListInsertEnd
 .text.vListInsert
                0x0000000008008762       0x72 ./Middlewares/Third_Party/FreeRTOS/Source/list.o
                0x0000000008008762                vListInsert
 .text.uxListRemove
                0x00000000080087d4       0x54 ./Middlewares/Third_Party/FreeRTOS/Source/list.o
                0x00000000080087d4                uxListRemove
 .text.xQueueGenericReset
                0x0000000008008828       0xd0 ./Middlewares/Third_Party/FreeRTOS/Source/queue.o
                0x0000000008008828                xQueueGenericReset
 .text.xQueueGenericCreateStatic
                0x00000000080088f8       0xf0 ./Middlewares/Third_Party/FreeRTOS/Source/queue.o
                0x00000000080088f8                xQueueGenericCreateStatic
 .text.xQueueGenericCreate
                0x00000000080089e8       0x74 ./Middlewares/Third_Party/FreeRTOS/Source/queue.o
                0x00000000080089e8                xQueueGenericCreate
 .text.prvInitialiseNewQueue
                0x0000000008008a5c       0x46 ./Middlewares/Third_Party/FreeRTOS/Source/queue.o
 *fill*         0x0000000008008aa2        0x2 
 .text.xQueueGenericSend
                0x0000000008008aa4      0x1fc ./Middlewares/Third_Party/FreeRTOS/Source/queue.o
                0x0000000008008aa4                xQueueGenericSend
 .text.xQueueGenericSendFromISR
                0x0000000008008ca0      0x136 ./Middlewares/Third_Party/FreeRTOS/Source/queue.o
                0x0000000008008ca0                xQueueGenericSendFromISR
 *fill*         0x0000000008008dd6        0x2 
 .text.xQueueReceive
                0x0000000008008dd8      0x1c0 ./Middlewares/Third_Party/FreeRTOS/Source/queue.o
                0x0000000008008dd8                xQueueReceive
 .text.xQueueReceiveFromISR
                0x0000000008008f98      0x100 ./Middlewares/Third_Party/FreeRTOS/Source/queue.o
                0x0000000008008f98                xQueueReceiveFromISR
 .text.prvCopyDataToQueue
                0x0000000008009098       0xd4 ./Middlewares/Third_Party/FreeRTOS/Source/queue.o
 .text.prvCopyDataFromQueue
                0x000000000800916c       0x4c ./Middlewares/Third_Party/FreeRTOS/Source/queue.o
 .text.prvUnlockQueue
                0x00000000080091b8       0xa4 ./Middlewares/Third_Party/FreeRTOS/Source/queue.o
 .text.prvIsQueueEmpty
                0x000000000800925c       0x2c ./Middlewares/Third_Party/FreeRTOS/Source/queue.o
 .text.prvIsQueueFull
                0x0000000008009288       0x30 ./Middlewares/Third_Party/FreeRTOS/Source/queue.o
 .text.vQueueAddToRegistry
                0x00000000080092b8       0x54 ./Middlewares/Third_Party/FreeRTOS/Source/queue.o
                0x00000000080092b8                vQueueAddToRegistry
 .text.vQueueWaitForMessageRestricted
                0x000000000800930c       0x68 ./Middlewares/Third_Party/FreeRTOS/Source/queue.o
                0x000000000800930c                vQueueWaitForMessageRestricted
 .text.xTaskCreateStatic
                0x0000000008009374       0xba ./Middlewares/Third_Party/FreeRTOS/Source/tasks.o
                0x0000000008009374                xTaskCreateStatic
 .text.xTaskCreate
                0x000000000800942e       0x8a ./Middlewares/Third_Party/FreeRTOS/Source/tasks.o
                0x000000000800942e                xTaskCreate
 .text.prvInitialiseNewTask
                0x00000000080094b8      0x14c ./Middlewares/Third_Party/FreeRTOS/Source/tasks.o
 .text.prvAddNewTaskToReadyList
                0x0000000008009604       0xe0 ./Middlewares/Third_Party/FreeRTOS/Source/tasks.o
 .text.vTaskDelay
                0x00000000080096e4       0x68 ./Middlewares/Third_Party/FreeRTOS/Source/tasks.o
                0x00000000080096e4                vTaskDelay
 .text.vTaskStartScheduler
                0x000000000800974c       0xe0 ./Middlewares/Third_Party/FreeRTOS/Source/tasks.o
                0x000000000800974c                vTaskStartScheduler
 .text.vTaskSuspendAll
                0x000000000800982c       0x1c ./Middlewares/Third_Party/FreeRTOS/Source/tasks.o
                0x000000000800982c                vTaskSuspendAll
 .text.xTaskResumeAll
                0x0000000008009848      0x13c ./Middlewares/Third_Party/FreeRTOS/Source/tasks.o
                0x0000000008009848                xTaskResumeAll
 .text.xTaskGetTickCount
                0x0000000008009984       0x20 ./Middlewares/Third_Party/FreeRTOS/Source/tasks.o
                0x0000000008009984                xTaskGetTickCount
 .text.xTaskIncrementTick
                0x00000000080099a4      0x174 ./Middlewares/Third_Party/FreeRTOS/Source/tasks.o
                0x00000000080099a4                xTaskIncrementTick
 .text.vTaskSwitchContext
                0x0000000008009b18       0xc8 ./Middlewares/Third_Party/FreeRTOS/Source/tasks.o
                0x0000000008009b18                vTaskSwitchContext
 .text.vTaskPlaceOnEventList
                0x0000000008009be0       0x48 ./Middlewares/Third_Party/FreeRTOS/Source/tasks.o
                0x0000000008009be0                vTaskPlaceOnEventList
 .text.vTaskPlaceOnEventListRestricted
                0x0000000008009c28       0x58 ./Middlewares/Third_Party/FreeRTOS/Source/tasks.o
                0x0000000008009c28                vTaskPlaceOnEventListRestricted
 .text.xTaskRemoveFromEventList
                0x0000000008009c80       0xc8 ./Middlewares/Third_Party/FreeRTOS/Source/tasks.o
                0x0000000008009c80                xTaskRemoveFromEventList
 .text.vTaskInternalSetTimeOutState
                0x0000000008009d48       0x2c ./Middlewares/Third_Party/FreeRTOS/Source/tasks.o
                0x0000000008009d48                vTaskInternalSetTimeOutState
 .text.xTaskCheckForTimeOut
                0x0000000008009d74       0xc4 ./Middlewares/Third_Party/FreeRTOS/Source/tasks.o
                0x0000000008009d74                xTaskCheckForTimeOut
 .text.vTaskMissedYield
                0x0000000008009e38       0x18 ./Middlewares/Third_Party/FreeRTOS/Source/tasks.o
                0x0000000008009e38                vTaskMissedYield
 .text.prvIdleTask
                0x0000000008009e50       0x30 ./Middlewares/Third_Party/FreeRTOS/Source/tasks.o
 .text.prvInitialiseTaskLists
                0x0000000008009e80       0x80 ./Middlewares/Third_Party/FreeRTOS/Source/tasks.o
 .text.prvCheckTasksWaitingTermination
                0x0000000008009f00       0x5c ./Middlewares/Third_Party/FreeRTOS/Source/tasks.o
 .text.prvDeleteTCB
                0x0000000008009f5c       0x68 ./Middlewares/Third_Party/FreeRTOS/Source/tasks.o
 .text.prvResetNextTaskUnblockTime
                0x0000000008009fc4       0x40 ./Middlewares/Third_Party/FreeRTOS/Source/tasks.o
 .text.xTaskGetSchedulerState
                0x000000000800a004       0x3c ./Middlewares/Third_Party/FreeRTOS/Source/tasks.o
                0x000000000800a004                xTaskGetSchedulerState
 .text.xTaskPriorityDisinherit
                0x000000000800a040       0xdc ./Middlewares/Third_Party/FreeRTOS/Source/tasks.o
                0x000000000800a040                xTaskPriorityDisinherit
 .text.prvAddCurrentTaskToDelayedList
                0x000000000800a11c       0xa8 ./Middlewares/Third_Party/FreeRTOS/Source/tasks.o
 .text.xTimerCreateTimerTask
                0x000000000800a1c4       0x90 ./Middlewares/Third_Party/FreeRTOS/Source/timers.o
                0x000000000800a1c4                xTimerCreateTimerTask
 .text.xTimerGenericCommand
                0x000000000800a254       0x9c ./Middlewares/Third_Party/FreeRTOS/Source/timers.o
                0x000000000800a254                xTimerGenericCommand
 .text.prvProcessExpiredTimer
                0x000000000800a2f0       0x98 ./Middlewares/Third_Party/FreeRTOS/Source/timers.o
 .text.prvTimerTask
                0x000000000800a388       0x24 ./Middlewares/Third_Party/FreeRTOS/Source/timers.o
 .text.prvProcessTimerOrBlockTask
                0x000000000800a3ac       0x9c ./Middlewares/Third_Party/FreeRTOS/Source/timers.o
 .text.prvGetNextExpireTime
                0x000000000800a448       0x48 ./Middlewares/Third_Party/FreeRTOS/Source/timers.o
 .text.prvSampleTimeNow
                0x000000000800a490       0x40 ./Middlewares/Third_Party/FreeRTOS/Source/timers.o
 .text.prvInsertTimerInActiveList
                0x000000000800a4d0       0x84 ./Middlewares/Third_Party/FreeRTOS/Source/timers.o
 .text.prvProcessReceivedCommands
                0x000000000800a554      0x1c4 ./Middlewares/Third_Party/FreeRTOS/Source/timers.o
 .text.prvSwitchTimerLists
                0x000000000800a718       0xc8 ./Middlewares/Third_Party/FreeRTOS/Source/timers.o
 .text.prvCheckForValidListAndQueue
                0x000000000800a7e0       0x80 ./Middlewares/Third_Party/FreeRTOS/Source/timers.o
 .text.pxPortInitialiseStack
                0x000000000800a860       0x68 ./Middlewares/Third_Party/FreeRTOS/Source/portable/GCC/ARM_CM4F/port.o
                0x000000000800a860                pxPortInitialiseStack
 .text.prvTaskExitError
                0x000000000800a8c8       0x58 ./Middlewares/Third_Party/FreeRTOS/Source/portable/GCC/ARM_CM4F/port.o
 .text.SVC_Handler
                0x000000000800a920       0x28 ./Middlewares/Third_Party/FreeRTOS/Source/portable/GCC/ARM_CM4F/port.o
                0x000000000800a920                SVC_Handler
 .text.prvPortStartFirstTask
                0x000000000800a948       0x28 ./Middlewares/Third_Party/FreeRTOS/Source/portable/GCC/ARM_CM4F/port.o
 .text.xPortStartScheduler
                0x000000000800a970      0x144 ./Middlewares/Third_Party/FreeRTOS/Source/portable/GCC/ARM_CM4F/port.o
                0x000000000800a970                xPortStartScheduler
 .text.vPortEnterCritical
                0x000000000800aab4       0x60 ./Middlewares/Third_Party/FreeRTOS/Source/portable/GCC/ARM_CM4F/port.o
                0x000000000800aab4                vPortEnterCritical
 .text.vPortExitCritical
                0x000000000800ab14       0x54 ./Middlewares/Third_Party/FreeRTOS/Source/portable/GCC/ARM_CM4F/port.o
                0x000000000800ab14                vPortExitCritical
 *fill*         0x000000000800ab68        0x8 
 .text.PendSV_Handler
                0x000000000800ab70       0x68 ./Middlewares/Third_Party/FreeRTOS/Source/portable/GCC/ARM_CM4F/port.o
                0x000000000800ab70                PendSV_Handler
 .text.xPortSysTickHandler
                0x000000000800abd8       0x44 ./Middlewares/Third_Party/FreeRTOS/Source/portable/GCC/ARM_CM4F/port.o
                0x000000000800abd8                xPortSysTickHandler
 .text.vPortSetupTimerInterrupt
                0x000000000800ac1c       0x48 ./Middlewares/Third_Party/FreeRTOS/Source/portable/GCC/ARM_CM4F/port.o
                0x000000000800ac1c                vPortSetupTimerInterrupt
 .text.vPortEnableVFP
                0x000000000800ac64       0x14 ./Middlewares/Third_Party/FreeRTOS/Source/portable/GCC/ARM_CM4F/port.o
 .text.vPortValidateInterruptPriority
                0x000000000800ac78       0x80 ./Middlewares/Third_Party/FreeRTOS/Source/portable/GCC/ARM_CM4F/port.o
                0x000000000800ac78                vPortValidateInterruptPriority
 .text.pvPortMalloc
                0x000000000800acf8      0x198 ./Middlewares/Third_Party/FreeRTOS/Source/portable/MemMang/heap_4.o
                0x000000000800acf8                pvPortMalloc
 .text.vPortFree
                0x000000000800ae90       0xc4 ./Middlewares/Third_Party/FreeRTOS/Source/portable/MemMang/heap_4.o
                0x000000000800ae90                vPortFree
 .text.prvHeapInit
                0x000000000800af54       0xc4 ./Middlewares/Third_Party/FreeRTOS/Source/portable/MemMang/heap_4.o
 .text.prvInsertBlockIntoFreeList
                0x000000000800b018       0xb4 ./Middlewares/Third_Party/FreeRTOS/Source/portable/MemMang/heap_4.o
 .text.__errno  0x000000000800b0cc        0xc c:/st/stm32cubeide_1.11.0/stm32cubeide/plugins/com.st.stm32cube.ide.mcu.externaltools.gnu-tools-for-stm32.10.3-2021.10.win32_1.0.200.202301161003/tools/bin/../lib/gcc/arm-none-eabi/10.3.1/../../../../arm-none-eabi/lib/thumb/v7e-m+fp/hard\libc_nano.a(lib_a-errno.o)
                0x000000000800b0cc                __errno
 .text.__libc_init_array
                0x000000000800b0d8       0x48 c:/st/stm32cubeide_1.11.0/stm32cubeide/plugins/com.st.stm32cube.ide.mcu.externaltools.gnu-tools-for-stm32.10.3-2021.10.win32_1.0.200.202301161003/tools/bin/../lib/gcc/arm-none-eabi/10.3.1/../../../../arm-none-eabi/lib/thumb/v7e-m+fp/hard\libc_nano.a(lib_a-init.o)
                0x000000000800b0d8                __libc_init_array
 .text.__retarget_lock_acquire_recursive
                0x000000000800b120        0x2 c:/st/stm32cubeide_1.11.0/stm32cubeide/plugins/com.st.stm32cube.ide.mcu.externaltools.gnu-tools-for-stm32.10.3-2021.10.win32_1.0.200.202301161003/tools/bin/../lib/gcc/arm-none-eabi/10.3.1/../../../../arm-none-eabi/lib/thumb/v7e-m+fp/hard\libc_nano.a(lib_a-lock.o)
                0x000000000800b120                __retarget_lock_acquire_recursive
 .text.__retarget_lock_release_recursive
                0x000000000800b122        0x2 c:/st/stm32cubeide_1.11.0/stm32cubeide/plugins/com.st.stm32cube.ide.mcu.externaltools.gnu-tools-for-stm32.10.3-2021.10.win32_1.0.200.202301161003/tools/bin/../lib/gcc/arm-none-eabi/10.3.1/../../../../arm-none-eabi/lib/thumb/v7e-m+fp/hard\libc_nano.a(lib_a-lock.o)
                0x000000000800b122                __retarget_lock_release_recursive
 .text.memcpy   0x000000000800b124       0x1c c:/st/stm32cubeide_1.11.0/stm32cubeide/plugins/com.st.stm32cube.ide.mcu.externaltools.gnu-tools-for-stm32.10.3-2021.10.win32_1.0.200.202301161003/tools/bin/../lib/gcc/arm-none-eabi/10.3.1/../../../../arm-none-eabi/lib/thumb/v7e-m+fp/hard\libc_nano.a(lib_a-memcpy-stub.o)
                0x000000000800b124                memcpy
 .text.memset   0x000000000800b140       0x10 c:/st/stm32cubeide_1.11.0/stm32cubeide/plugins/com.st.stm32cube.ide.mcu.externaltools.gnu-tools-for-stm32.10.3-2021.10.win32_1.0.200.202301161003/tools/bin/../lib/gcc/arm-none-eabi/10.3.1/../../../../arm-none-eabi/lib/thumb/v7e-m+fp/hard\libc_nano.a(lib_a-memset.o)
                0x000000000800b140                memset
 .text.sbrk_aligned
                0x000000000800b150       0x40 c:/st/stm32cubeide_1.11.0/stm32cubeide/plugins/com.st.stm32cube.ide.mcu.externaltools.gnu-tools-for-stm32.10.3-2021.10.win32_1.0.200.202301161003/tools/bin/../lib/gcc/arm-none-eabi/10.3.1/../../../../arm-none-eabi/lib/thumb/v7e-m+fp/hard\libc_nano.a(lib_a-nano-mallocr.o)
 .text._malloc_r
                0x000000000800b190       0xe8 c:/st/stm32cubeide_1.11.0/stm32cubeide/plugins/com.st.stm32cube.ide.mcu.externaltools.gnu-tools-for-stm32.10.3-2021.10.win32_1.0.200.202301161003/tools/bin/../lib/gcc/arm-none-eabi/10.3.1/../../../../arm-none-eabi/lib/thumb/v7e-m+fp/hard\libc_nano.a(lib_a-nano-mallocr.o)
                0x000000000800b190                _malloc_r
 .text.cleanup_glue
                0x000000000800b278       0x1a c:/st/stm32cubeide_1.11.0/stm32cubeide/plugins/com.st.stm32cube.ide.mcu.externaltools.gnu-tools-for-stm32.10.3-2021.10.win32_1.0.200.202301161003/tools/bin/../lib/gcc/arm-none-eabi/10.3.1/../../../../arm-none-eabi/lib/thumb/v7e-m+fp/hard\libc_nano.a(lib_a-reent.o)
                0x000000000800b278                cleanup_glue
 *fill*         0x000000000800b292        0x2 
 .text._reclaim_reent
                0x000000000800b294       0xb8 c:/st/stm32cubeide_1.11.0/stm32cubeide/plugins/com.st.stm32cube.ide.mcu.externaltools.gnu-tools-for-stm32.10.3-2021.10.win32_1.0.200.202301161003/tools/bin/../lib/gcc/arm-none-eabi/10.3.1/../../../../arm-none-eabi/lib/thumb/v7e-m+fp/hard\libc_nano.a(lib_a-reent.o)
                0x000000000800b294                _reclaim_reent
 .text._sbrk_r  0x000000000800b34c       0x20 c:/st/stm32cubeide_1.11.0/stm32cubeide/plugins/com.st.stm32cube.ide.mcu.externaltools.gnu-tools-for-stm32.10.3-2021.10.win32_1.0.200.202301161003/tools/bin/../lib/gcc/arm-none-eabi/10.3.1/../../../../arm-none-eabi/lib/thumb/v7e-m+fp/hard\libc_nano.a(lib_a-sbrkr.o)
                0x000000000800b34c                _sbrk_r
 .text.sprintf  0x000000000800b36c       0x40 c:/st/stm32cubeide_1.11.0/stm32cubeide/plugins/com.st.stm32cube.ide.mcu.externaltools.gnu-tools-for-stm32.10.3-2021.10.win32_1.0.200.202301161003/tools/bin/../lib/gcc/arm-none-eabi/10.3.1/../../../../arm-none-eabi/lib/thumb/v7e-m+fp/hard\libc_nano.a(lib_a-sprintf.o)
                0x000000000800b36c                siprintf
                0x000000000800b36c                sprintf
 .text.__malloc_lock
                0x000000000800b3ac        0xc c:/st/stm32cubeide_1.11.0/stm32cubeide/plugins/com.st.stm32cube.ide.mcu.externaltools.gnu-tools-for-stm32.10.3-2021.10.win32_1.0.200.202301161003/tools/bin/../lib/gcc/arm-none-eabi/10.3.1/../../../../arm-none-eabi/lib/thumb/v7e-m+fp/hard\libc_nano.a(lib_a-mlock.o)
                0x000000000800b3ac                __malloc_lock
 .text.__malloc_unlock
                0x000000000800b3b8        0xc c:/st/stm32cubeide_1.11.0/stm32cubeide/plugins/com.st.stm32cube.ide.mcu.externaltools.gnu-tools-for-stm32.10.3-2021.10.win32_1.0.200.202301161003/tools/bin/../lib/gcc/arm-none-eabi/10.3.1/../../../../arm-none-eabi/lib/thumb/v7e-m+fp/hard\libc_nano.a(lib_a-mlock.o)
                0x000000000800b3b8                __malloc_unlock
 .text._free_r  0x000000000800b3c4       0x98 c:/st/stm32cubeide_1.11.0/stm32cubeide/plugins/com.st.stm32cube.ide.mcu.externaltools.gnu-tools-for-stm32.10.3-2021.10.win32_1.0.200.202301161003/tools/bin/../lib/gcc/arm-none-eabi/10.3.1/../../../../arm-none-eabi/lib/thumb/v7e-m+fp/hard\libc_nano.a(lib_a-nano-freer.o)
                0x000000000800b3c4                _free_r
 .text.__ssputs_r
                0x000000000800b45c       0xb6 c:/st/stm32cubeide_1.11.0/stm32cubeide/plugins/com.st.stm32cube.ide.mcu.externaltools.gnu-tools-for-stm32.10.3-2021.10.win32_1.0.200.202301161003/tools/bin/../lib/gcc/arm-none-eabi/10.3.1/../../../../arm-none-eabi/lib/thumb/v7e-m+fp/hard\libc_nano.a(lib_a-nano-svfprintf.o)
                0x000000000800b45c                __ssputs_r
 *fill*         0x000000000800b512        0x2 
 .text._svfprintf_r
                0x000000000800b514      0x200 c:/st/stm32cubeide_1.11.0/stm32cubeide/plugins/com.st.stm32cube.ide.mcu.externaltools.gnu-tools-for-stm32.10.3-2021.10.win32_1.0.200.202301161003/tools/bin/../lib/gcc/arm-none-eabi/10.3.1/../../../../arm-none-eabi/lib/thumb/v7e-m+fp/hard\libc_nano.a(lib_a-nano-svfprintf.o)
                0x000000000800b514                _svfiprintf_r
                0x000000000800b514                _svfprintf_r
 .text._printf_common
                0x000000000800b714       0xda c:/st/stm32cubeide_1.11.0/stm32cubeide/plugins/com.st.stm32cube.ide.mcu.externaltools.gnu-tools-for-stm32.10.3-2021.10.win32_1.0.200.202301161003/tools/bin/../lib/gcc/arm-none-eabi/10.3.1/../../../../arm-none-eabi/lib/thumb/v7e-m+fp/hard\libc_nano.a(lib_a-nano-vfprintf_i.o)
                0x000000000800b714                _printf_common
 *fill*         0x000000000800b7ee        0x2 
 .text._printf_i
                0x000000000800b7f0      0x24c c:/st/stm32cubeide_1.11.0/stm32cubeide/plugins/com.st.stm32cube.ide.mcu.externaltools.gnu-tools-for-stm32.10.3-2021.10.win32_1.0.200.202301161003/tools/bin/../lib/gcc/arm-none-eabi/10.3.1/../../../../arm-none-eabi/lib/thumb/v7e-m+fp/hard\libc_nano.a(lib_a-nano-vfprintf_i.o)
                0x000000000800b7f0                _printf_i
 .text.memmove  0x000000000800ba3c       0x34 c:/st/stm32cubeide_1.11.0/stm32cubeide/plugins/com.st.stm32cube.ide.mcu.externaltools.gnu-tools-for-stm32.10.3-2021.10.win32_1.0.200.202301161003/tools/bin/../lib/gcc/arm-none-eabi/10.3.1/../../../../arm-none-eabi/lib/thumb/v7e-m+fp/hard\libc_nano.a(lib_a-memmove.o)
                0x000000000800ba3c                memmove
 .text._realloc_r
                0x000000000800ba70       0x5e c:/st/stm32cubeide_1.11.0/stm32cubeide/plugins/com.st.stm32cube.ide.mcu.externaltools.gnu-tools-for-stm32.10.3-2021.10.win32_1.0.200.202301161003/tools/bin/../lib/gcc/arm-none-eabi/10.3.1/../../../../arm-none-eabi/lib/thumb/v7e-m+fp/hard\libc_nano.a(lib_a-nano-reallocr.o)
                0x000000000800ba70                _realloc_r
 .text._malloc_usable_size_r
                0x000000000800bace       0x10 c:/st/stm32cubeide_1.11.0/stm32cubeide/plugins/com.st.stm32cube.ide.mcu.externaltools.gnu-tools-for-stm32.10.3-2021.10.win32_1.0.200.202301161003/tools/bin/../lib/gcc/arm-none-eabi/10.3.1/../../../../arm-none-eabi/lib/thumb/v7e-m+fp/hard\libc_nano.a(lib_a-nano-msizer.o)
                0x000000000800bace                _malloc_usable_size_r
 *(.glue_7)
 .glue_7        0x000000000800bade        0x0 linker stubs
 *(.glue_7t)
 .glue_7t       0x000000000800bade        0x0 linker stubs
 *(.eh_frame)
 *fill*         0x000000000800bade        0x2 
 .eh_frame      0x000000000800bae0        0x0 c:/st/stm32cubeide_1.11.0/stm32cubeide/plugins/com.st.stm32cube.ide.mcu.externaltools.gnu-tools-for-stm32.10.3-2021.10.win32_1.0.200.202301161003/tools/bin/../lib/gcc/arm-none-eabi/10.3.1/thumb/v7e-m+fp/hard/crtbegin.o
 *(.init)
 .init          0x000000000800bae0        0x4 c:/st/stm32cubeide_1.11.0/stm32cubeide/plugins/com.st.stm32cube.ide.mcu.externaltools.gnu-tools-for-stm32.10.3-2021.10.win32_1.0.200.202301161003/tools/bin/../lib/gcc/arm-none-eabi/10.3.1/thumb/v7e-m+fp/hard/crti.o
                0x000000000800bae0                _init
 .init          0x000000000800bae4        0x8 c:/st/stm32cubeide_1.11.0/stm32cubeide/plugins/com.st.stm32cube.ide.mcu.externaltools.gnu-tools-for-stm32.10.3-2021.10.win32_1.0.200.202301161003/tools/bin/../lib/gcc/arm-none-eabi/10.3.1/thumb/v7e-m+fp/hard/crtn.o
 *(.fini)
 .fini          0x000000000800baec        0x4 c:/st/stm32cubeide_1.11.0/stm32cubeide/plugins/com.st.stm32cube.ide.mcu.externaltools.gnu-tools-for-stm32.10.3-2021.10.win32_1.0.200.202301161003/tools/bin/../lib/gcc/arm-none-eabi/10.3.1/thumb/v7e-m+fp/hard/crti.o
                0x000000000800baec                _fini
 .fini          0x000000000800baf0        0x8 c:/st/stm32cubeide_1.11.0/stm32cubeide/plugins/com.st.stm32cube.ide.mcu.externaltools.gnu-tools-for-stm32.10.3-2021.10.win32_1.0.200.202301161003/tools/bin/../lib/gcc/arm-none-eabi/10.3.1/thumb/v7e-m+fp/hard/crtn.o
                0x000000000800baf8                . = ALIGN (0x4)
                0x000000000800baf8                _etext = .

.vfp11_veneer   0x000000000800baf8        0x0
 .vfp11_veneer  0x000000000800baf8        0x0 linker stubs

.v4_bx          0x000000000800baf8        0x0
 .v4_bx         0x000000000800baf8        0x0 linker stubs

.iplt           0x000000000800baf8        0x0
 .iplt          0x000000000800baf8        0x0 c:/st/stm32cubeide_1.11.0/stm32cubeide/plugins/com.st.stm32cube.ide.mcu.externaltools.gnu-tools-for-stm32.10.3-2021.10.win32_1.0.200.202301161003/tools/bin/../lib/gcc/arm-none-eabi/10.3.1/thumb/v7e-m+fp/hard/crtbegin.o

.rodata         0x000000000800baf8      0x318
                0x000000000800baf8                . = ALIGN (0x4)
 *(.rodata)
 .rodata        0x000000000800baf8       0xb3 ./Core/Src/main.o
 *fill*         0x000000000800bbab        0x1 
 .rodata        0x000000000800bbac        0x5 ./Middlewares/Third_Party/FreeRTOS/Source/tasks.o
 *fill*         0x000000000800bbb1        0x3 
 .rodata        0x000000000800bbb4        0xd ./Middlewares/Third_Party/FreeRTOS/Source/timers.o
 *(.rodata*)
 *fill*         0x000000000800bbc1        0x3 
 .rodata.auw_hamm
                0x000000000800bbc4       0x3e ./Core/Src/MAX30102/algorithm.o
                0x000000000800bbc4                auw_hamm
 *fill*         0x000000000800bc02        0x2 
 .rodata.uch_spo2_table
                0x000000000800bc04       0xb8 ./Core/Src/MAX30102/algorithm.o
                0x000000000800bc04                uch_spo2_table
 .rodata.defaultTask_attributes
                0x000000000800bcbc       0x24 ./Core/Src/main.o
                0x000000000800bcbc                defaultTask_attributes
 .rodata.myTask02_attributes
                0x000000000800bce0       0x24 ./Core/Src/main.o
                0x000000000800bce0                myTask02_attributes
 .rodata.myTask03_attributes
                0x000000000800bd04       0x24 ./Core/Src/main.o
                0x000000000800bd04                myTask03_attributes
 .rodata.myTask04_attributes
                0x000000000800bd28       0x24 ./Core/Src/main.o
                0x000000000800bd28                myTask04_attributes
 .rodata.myQueue01_attributes
                0x000000000800bd4c       0x18 ./Core/Src/main.o
                0x000000000800bd4c                myQueue01_attributes
 .rodata.AHBPrescTable
                0x000000000800bd64       0x10 ./Core/Src/system_stm32f4xx.o
                0x000000000800bd64                AHBPrescTable
 .rodata.APBPrescTable
                0x000000000800bd74        0x8 ./Core/Src/system_stm32f4xx.o
                0x000000000800bd74                APBPrescTable
 .rodata.__sf_fake_stderr
                0x000000000800bd7c       0x20 c:/st/stm32cubeide_1.11.0/stm32cubeide/plugins/com.st.stm32cube.ide.mcu.externaltools.gnu-tools-for-stm32.10.3-2021.10.win32_1.0.200.202301161003/tools/bin/../lib/gcc/arm-none-eabi/10.3.1/../../../../arm-none-eabi/lib/thumb/v7e-m+fp/hard\libc_nano.a(lib_a-findfp.o)
                0x000000000800bd7c                __sf_fake_stderr
 .rodata.__sf_fake_stdin
                0x000000000800bd9c       0x20 c:/st/stm32cubeide_1.11.0/stm32cubeide/plugins/com.st.stm32cube.ide.mcu.externaltools.gnu-tools-for-stm32.10.3-2021.10.win32_1.0.200.202301161003/tools/bin/../lib/gcc/arm-none-eabi/10.3.1/../../../../arm-none-eabi/lib/thumb/v7e-m+fp/hard\libc_nano.a(lib_a-findfp.o)
                0x000000000800bd9c                __sf_fake_stdin
 .rodata.__sf_fake_stdout
                0x000000000800bdbc       0x20 c:/st/stm32cubeide_1.11.0/stm32cubeide/plugins/com.st.stm32cube.ide.mcu.externaltools.gnu-tools-for-stm32.10.3-2021.10.win32_1.0.200.202301161003/tools/bin/../lib/gcc/arm-none-eabi/10.3.1/../../../../arm-none-eabi/lib/thumb/v7e-m+fp/hard\libc_nano.a(lib_a-findfp.o)
                0x000000000800bdbc                __sf_fake_stdout
 .rodata._svfprintf_r.str1.1
                0x000000000800bddc       0x11 c:/st/stm32cubeide_1.11.0/stm32cubeide/plugins/com.st.stm32cube.ide.mcu.externaltools.gnu-tools-for-stm32.10.3-2021.10.win32_1.0.200.202301161003/tools/bin/../lib/gcc/arm-none-eabi/10.3.1/../../../../arm-none-eabi/lib/thumb/v7e-m+fp/hard\libc_nano.a(lib_a-nano-svfprintf.o)
 .rodata._printf_i.str1.1
                0x000000000800bded       0x22 c:/st/stm32cubeide_1.11.0/stm32cubeide/plugins/com.st.stm32cube.ide.mcu.externaltools.gnu-tools-for-stm32.10.3-2021.10.win32_1.0.200.202301161003/tools/bin/../lib/gcc/arm-none-eabi/10.3.1/../../../../arm-none-eabi/lib/thumb/v7e-m+fp/hard\libc_nano.a(lib_a-nano-vfprintf_i.o)
                0x000000000800be10                . = ALIGN (0x4)
 *fill*         0x000000000800be0f        0x1 

.ARM.extab      0x000000000800be10        0x0
                0x000000000800be10                . = ALIGN (0x4)
 *(.ARM.extab* .gnu.linkonce.armextab.*)
                0x000000000800be10                . = ALIGN (0x4)

.ARM            0x000000000800be10        0x8
                0x000000000800be10                . = ALIGN (0x4)
                0x000000000800be10                __exidx_start = .
 *(.ARM.exidx*)
 .ARM.exidx     0x000000000800be10        0x8 c:/st/stm32cubeide_1.11.0/stm32cubeide/plugins/com.st.stm32cube.ide.mcu.externaltools.gnu-tools-for-stm32.10.3-2021.10.win32_1.0.200.202301161003/tools/bin/../lib/gcc/arm-none-eabi/10.3.1/thumb/v7e-m+fp/hard\libgcc.a(_udivmoddi4.o)
                0x000000000800be18                __exidx_end = .
                0x000000000800be18                . = ALIGN (0x4)

.rel.dyn        0x000000000800be18        0x0
 .rel.iplt      0x000000000800be18        0x0 c:/st/stm32cubeide_1.11.0/stm32cubeide/plugins/com.st.stm32cube.ide.mcu.externaltools.gnu-tools-for-stm32.10.3-2021.10.win32_1.0.200.202301161003/tools/bin/../lib/gcc/arm-none-eabi/10.3.1/thumb/v7e-m+fp/hard/crtbegin.o

.preinit_array  0x000000000800be18        0x0
                0x000000000800be18                . = ALIGN (0x4)
                0x000000000800be18                PROVIDE (__preinit_array_start = .)
 *(.preinit_array*)
                0x000000000800be18                PROVIDE (__preinit_array_end = .)
                0x000000000800be18                . = ALIGN (0x4)

.init_array     0x000000000800be18        0x4
                0x000000000800be18                . = ALIGN (0x4)
                0x000000000800be18                PROVIDE (__init_array_start = .)
 *(SORT_BY_NAME(.init_array.*))
 *(.init_array*)
 .init_array    0x000000000800be18        0x4 c:/st/stm32cubeide_1.11.0/stm32cubeide/plugins/com.st.stm32cube.ide.mcu.externaltools.gnu-tools-for-stm32.10.3-2021.10.win32_1.0.200.202301161003/tools/bin/../lib/gcc/arm-none-eabi/10.3.1/thumb/v7e-m+fp/hard/crtbegin.o
                0x000000000800be1c                PROVIDE (__init_array_end = .)
                0x000000000800be1c                . = ALIGN (0x4)

.fini_array     0x000000000800be1c        0x4
                0x000000000800be1c                . = ALIGN (0x4)
                [!provide]                        PROVIDE (__fini_array_start = .)
 *(SORT_BY_NAME(.fini_array.*))
 *(.fini_array*)
 .fini_array    0x000000000800be1c        0x4 c:/st/stm32cubeide_1.11.0/stm32cubeide/plugins/com.st.stm32cube.ide.mcu.externaltools.gnu-tools-for-stm32.10.3-2021.10.win32_1.0.200.202301161003/tools/bin/../lib/gcc/arm-none-eabi/10.3.1/thumb/v7e-m+fp/hard/crtbegin.o
                [!provide]                        PROVIDE (__fini_array_end = .)
                0x000000000800be20                . = ALIGN (0x4)
                0x000000000800be20                _sidata = LOADADDR (.data)

.data           0x0000000020000000       0x78 load address 0x000000000800be20
                0x0000000020000000                . = ALIGN (0x4)
                0x0000000020000000                _sdata = .
 *(.data)
 *(.data*)
 .data.RATE_SIZE
                0x0000000020000000        0x4 ./Core/Src/main.o
                0x0000000020000000                RATE_SIZE
 .data.SystemCoreClock
                0x0000000020000004        0x4 ./Core/Src/system_stm32f4xx.o
                0x0000000020000004                SystemCoreClock
 .data.uwTickPrio
                0x0000000020000008        0x4 ./Drivers/STM32F4xx_HAL_Driver/Src/stm32f4xx_hal.o
                0x0000000020000008                uwTickPrio
 .data.uwTickFreq
                0x000000002000000c        0x1 ./Drivers/STM32F4xx_HAL_Driver/Src/stm32f4xx_hal.o
                0x000000002000000c                uwTickFreq
 *fill*         0x000000002000000d        0x3 
 .data.uxCriticalNesting
                0x0000000020000010        0x4 ./Middlewares/Third_Party/FreeRTOS/Source/portable/GCC/ARM_CM4F/port.o
 .data._impure_ptr
                0x0000000020000014        0x4 c:/st/stm32cubeide_1.11.0/stm32cubeide/plugins/com.st.stm32cube.ide.mcu.externaltools.gnu-tools-for-stm32.10.3-2021.10.win32_1.0.200.202301161003/tools/bin/../lib/gcc/arm-none-eabi/10.3.1/../../../../arm-none-eabi/lib/thumb/v7e-m+fp/hard\libc_nano.a(lib_a-impure.o)
                0x0000000020000014                _impure_ptr
 .data.impure_data
                0x0000000020000018       0x60 c:/st/stm32cubeide_1.11.0/stm32cubeide/plugins/com.st.stm32cube.ide.mcu.externaltools.gnu-tools-for-stm32.10.3-2021.10.win32_1.0.200.202301161003/tools/bin/../lib/gcc/arm-none-eabi/10.3.1/../../../../arm-none-eabi/lib/thumb/v7e-m+fp/hard\libc_nano.a(lib_a-impure.o)
 *(.RamFunc)
 *(.RamFunc*)
                0x0000000020000078                . = ALIGN (0x4)
                0x0000000020000078                _edata = .

.igot.plt       0x0000000020000078        0x0 load address 0x000000000800be98
 .igot.plt      0x0000000020000078        0x0 c:/st/stm32cubeide_1.11.0/stm32cubeide/plugins/com.st.stm32cube.ide.mcu.externaltools.gnu-tools-for-stm32.10.3-2021.10.win32_1.0.200.202301161003/tools/bin/../lib/gcc/arm-none-eabi/10.3.1/thumb/v7e-m+fp/hard/crtbegin.o
                0x0000000020000078                . = ALIGN (0x4)

.bss            0x0000000020000078     0x76f0 load address 0x000000000800be98
                0x0000000020000078                _sbss = .
                0x0000000020000078                __bss_start__ = _sbss
 *(.bss)
 .bss           0x0000000020000078       0x1c c:/st/stm32cubeide_1.11.0/stm32cubeide/plugins/com.st.stm32cube.ide.mcu.externaltools.gnu-tools-for-stm32.10.3-2021.10.win32_1.0.200.202301161003/tools/bin/../lib/gcc/arm-none-eabi/10.3.1/thumb/v7e-m+fp/hard/crtbegin.o
 *(.bss*)
 .bss.i2c_max30102
                0x0000000020000094        0x4 ./Core/Src/MAX30102/MAX30102.o
                0x0000000020000094                i2c_max30102
 .bss.IrBuffer  0x0000000020000098      0x960 ./Core/Src/MAX30102/MAX30102.o
                0x0000000020000098                IrBuffer
 .bss.RedBuffer
                0x00000000200009f8      0x960 ./Core/Src/MAX30102/MAX30102.o
                0x00000000200009f8                RedBuffer
 .bss.BufferHead
                0x0000000020001358        0x4 ./Core/Src/MAX30102/MAX30102.o
                0x0000000020001358                BufferHead
 .bss.BufferTail
                0x000000002000135c        0x4 ./Core/Src/MAX30102/MAX30102.o
                0x000000002000135c                BufferTail
 .bss.CollectedSamples
                0x0000000020001360        0x4 ./Core/Src/MAX30102/MAX30102.o
                0x0000000020001360                CollectedSamples
 .bss.IsFingerOnScreen
                0x0000000020001364        0x1 ./Core/Src/MAX30102/MAX30102.o
                0x0000000020001364                IsFingerOnScreen
 *fill*         0x0000000020001365        0x3 
 .bss.Sp02Value
                0x0000000020001368        0x4 ./Core/Src/MAX30102/MAX30102.o
                0x0000000020001368                Sp02Value
 .bss.Sp02IsValid
                0x000000002000136c        0x1 ./Core/Src/MAX30102/MAX30102.o
                0x000000002000136c                Sp02IsValid
 *fill*         0x000000002000136d        0x3 
 .bss.HeartRate
                0x0000000020001370        0x4 ./Core/Src/MAX30102/MAX30102.o
                0x0000000020001370                HeartRate
 .bss.IsHrValid
                0x0000000020001374        0x1 ./Core/Src/MAX30102/MAX30102.o
                0x0000000020001374                IsHrValid
 .bss.StateMachine
                0x0000000020001375        0x1 ./Core/Src/MAX30102/MAX30102.o
                0x0000000020001375                StateMachine
 *fill*         0x0000000020001376        0x2 
 .bss.an_dx     0x0000000020001378      0x7c0 ./Core/Src/MAX30102/algorithm.o
 .bss.an_x      0x0000000020001b38      0x7d0 ./Core/Src/MAX30102/algorithm.o
 .bss.an_y      0x0000000020002308      0x7d0 ./Core/Src/MAX30102/algorithm.o
 .bss.hi2c1     0x0000000020002ad8       0x54 ./Core/Src/main.o
                0x0000000020002ad8                hi2c1
 .bss.hi2c3     0x0000000020002b2c       0x54 ./Core/Src/main.o
                0x0000000020002b2c                hi2c3
 .bss.htim2     0x0000000020002b80       0x48 ./Core/Src/main.o
                0x0000000020002b80                htim2
 .bss.huart2    0x0000000020002bc8       0x44 ./Core/Src/main.o
                0x0000000020002bc8                huart2
 .bss.huart6    0x0000000020002c0c       0x44 ./Core/Src/main.o
                0x0000000020002c0c                huart6
 .bss.defaultTaskHandle
                0x0000000020002c50        0x4 ./Core/Src/main.o
                0x0000000020002c50                defaultTaskHandle
 .bss.myTask02Handle
                0x0000000020002c54        0x4 ./Core/Src/main.o
                0x0000000020002c54                myTask02Handle
 .bss.myTask03Handle
                0x0000000020002c58        0x4 ./Core/Src/main.o
                0x0000000020002c58                myTask03Handle
 .bss.myTask04Handle
                0x0000000020002c5c        0x4 ./Core/Src/main.o
                0x0000000020002c5c                myTask04Handle
 .bss.myQueue01Handle
                0x0000000020002c60        0x4 ./Core/Src/main.o
                0x0000000020002c60                myQueue01Handle
 .bss.UartBuffer
                0x0000000020002c64       0x20 ./Core/Src/main.o
                0x0000000020002c64                UartBuffer
 .bss.rateIndex
                0x0000000020002c84        0x4 ./Core/Src/main.o
                0x0000000020002c84                rateIndex
 .bss.rates     0x0000000020002c88       0x28 ./Core/Src/main.o
                0x0000000020002c88                rates
 .bss.beatAvg   0x0000000020002cb0        0x4 ./Core/Src/main.o
                0x0000000020002cb0                beatAvg
 .bss.count     0x0000000020002cb4        0x4 ./Core/Src/main.o
                0x0000000020002cb4                count
 .bss.data_read
                0x0000000020002cb8        0x4 ./Core/Src/main.o
                0x0000000020002cb8                data_read
 .bss.data_read1
                0x0000000020002cbc        0x4 ./Core/Src/main.o
                0x0000000020002cbc                data_read1
 .bss.aux       0x0000000020002cc0        0x4 ./Core/Src/main.o
                0x0000000020002cc0                aux
 .bss.aux1      0x0000000020002cc4        0x4 ./Core/Src/main.o
                0x0000000020002cc4                aux1
 .bss.ambient_temperature
                0x0000000020002cc8        0x4 ./Core/Src/main.o
                0x0000000020002cc8                ambient_temperature
 .bss.ambient_temperature1
                0x0000000020002ccc        0x4 ./Core/Src/main.o
                0x0000000020002ccc                ambient_temperature1
 .bss.IsFingerOnScreen01
                0x0000000020002cd0        0x1 ./Core/Src/main.o
                0x0000000020002cd0                IsFingerOnScreen01
 *fill*         0x0000000020002cd1        0x3 
 .bss.timecount
                0x0000000020002cd4        0x4 ./Core/Src/main.o
                0x0000000020002cd4                timecount
 .bss.state     0x0000000020002cd8        0x1 ./Core/Src/main.o
                0x0000000020002cd8                state
 .bss.hum1      0x0000000020002cd9        0x1 ./Core/Src/main.o
                0x0000000020002cd9                hum1
 .bss.hum2      0x0000000020002cda        0x1 ./Core/Src/main.o
                0x0000000020002cda                hum2
 .bss.tempC1    0x0000000020002cdb        0x1 ./Core/Src/main.o
                0x0000000020002cdb                tempC1
 .bss.tempC2    0x0000000020002cdc        0x1 ./Core/Src/main.o
                0x0000000020002cdc                tempC2
 .bss.SUM       0x0000000020002cdd        0x1 ./Core/Src/main.o
                0x0000000020002cdd                SUM
 .bss.CHECK     0x0000000020002cde        0x1 ./Core/Src/main.o
                0x0000000020002cde                CHECK
 *fill*         0x0000000020002cdf        0x1 
 .bss.pMillis   0x0000000020002ce0        0x4 ./Core/Src/main.o
                0x0000000020002ce0                pMillis
 .bss.cMillis   0x0000000020002ce4        0x4 ./Core/Src/main.o
                0x0000000020002ce4                cMillis
 .bss.temp_Celsius
                0x0000000020002ce8        0x4 ./Core/Src/main.o
                0x0000000020002ce8                temp_Celsius
 .bss.Humidity  0x0000000020002cec        0x4 ./Core/Src/main.o
                0x0000000020002cec                Humidity
 .bss.hum_integral
                0x0000000020002cf0        0x1 ./Core/Src/main.o
                0x0000000020002cf0                hum_integral
 .bss.hum_decimal
                0x0000000020002cf1        0x1 ./Core/Src/main.o
                0x0000000020002cf1                hum_decimal
 .bss.tempC_integral
                0x0000000020002cf2        0x1 ./Core/Src/main.o
                0x0000000020002cf2                tempC_integral
 .bss.tempC_decimal
                0x0000000020002cf3        0x1 ./Core/Src/main.o
                0x0000000020002cf3                tempC_decimal
 .bss.avgWeatherTemp
                0x0000000020002cf4        0x1 ./Core/Src/main.o
                0x0000000020002cf4                avgWeatherTemp
 *fill*         0x0000000020002cf5        0x3 
 .bss.htim1     0x0000000020002cf8       0x48 ./Core/Src/stm32f4xx_hal_timebase_tim.o
                0x0000000020002cf8                htim1
 .bss.__sbrk_heap_end
                0x0000000020002d40        0x4 ./Core/Src/sysmem.o
 .bss.uwTick    0x0000000020002d44        0x4 ./Drivers/STM32F4xx_HAL_Driver/Src/stm32f4xx_hal.o
                0x0000000020002d44                uwTick
 .bss.KernelState
                0x0000000020002d48        0x4 ./Middlewares/Third_Party/FreeRTOS/Source/CMSIS_RTOS_V2/cmsis_os2.o
 .bss.Idle_TCB.3
                0x0000000020002d4c       0xbc ./Middlewares/Third_Party/FreeRTOS/Source/CMSIS_RTOS_V2/cmsis_os2.o
 .bss.Idle_Stack.2
                0x0000000020002e08      0x200 ./Middlewares/Third_Party/FreeRTOS/Source/CMSIS_RTOS_V2/cmsis_os2.o
 .bss.Timer_TCB.1
                0x0000000020003008       0xbc ./Middlewares/Third_Party/FreeRTOS/Source/CMSIS_RTOS_V2/cmsis_os2.o
 .bss.Timer_Stack.0
                0x00000000200030c4      0x400 ./Middlewares/Third_Party/FreeRTOS/Source/CMSIS_RTOS_V2/cmsis_os2.o
 .bss.xQueueRegistry
                0x00000000200034c4       0x40 ./Middlewares/Third_Party/FreeRTOS/Source/queue.o
                0x00000000200034c4                xQueueRegistry
 .bss.pxCurrentTCB
                0x0000000020003504        0x4 ./Middlewares/Third_Party/FreeRTOS/Source/tasks.o
                0x0000000020003504                pxCurrentTCB
 .bss.pxReadyTasksLists
                0x0000000020003508      0x460 ./Middlewares/Third_Party/FreeRTOS/Source/tasks.o
 .bss.xDelayedTaskList1
                0x0000000020003968       0x14 ./Middlewares/Third_Party/FreeRTOS/Source/tasks.o
 .bss.xDelayedTaskList2
                0x000000002000397c       0x14 ./Middlewares/Third_Party/FreeRTOS/Source/tasks.o
 .bss.pxDelayedTaskList
                0x0000000020003990        0x4 ./Middlewares/Third_Party/FreeRTOS/Source/tasks.o
 .bss.pxOverflowDelayedTaskList
                0x0000000020003994        0x4 ./Middlewares/Third_Party/FreeRTOS/Source/tasks.o
 .bss.xPendingReadyList
                0x0000000020003998       0x14 ./Middlewares/Third_Party/FreeRTOS/Source/tasks.o
 .bss.xTasksWaitingTermination
                0x00000000200039ac       0x14 ./Middlewares/Third_Party/FreeRTOS/Source/tasks.o
 .bss.uxDeletedTasksWaitingCleanUp
                0x00000000200039c0        0x4 ./Middlewares/Third_Party/FreeRTOS/Source/tasks.o
 .bss.xSuspendedTaskList
                0x00000000200039c4       0x14 ./Middlewares/Third_Party/FreeRTOS/Source/tasks.o
 .bss.uxCurrentNumberOfTasks
                0x00000000200039d8        0x4 ./Middlewares/Third_Party/FreeRTOS/Source/tasks.o
 .bss.xTickCount
                0x00000000200039dc        0x4 ./Middlewares/Third_Party/FreeRTOS/Source/tasks.o
 .bss.uxTopReadyPriority
                0x00000000200039e0        0x4 ./Middlewares/Third_Party/FreeRTOS/Source/tasks.o
 .bss.xSchedulerRunning
                0x00000000200039e4        0x4 ./Middlewares/Third_Party/FreeRTOS/Source/tasks.o
 .bss.xPendedTicks
                0x00000000200039e8        0x4 ./Middlewares/Third_Party/FreeRTOS/Source/tasks.o
 .bss.xYieldPending
                0x00000000200039ec        0x4 ./Middlewares/Third_Party/FreeRTOS/Source/tasks.o
 .bss.xNumOfOverflows
                0x00000000200039f0        0x4 ./Middlewares/Third_Party/FreeRTOS/Source/tasks.o
 .bss.uxTaskNumber
                0x00000000200039f4        0x4 ./Middlewares/Third_Party/FreeRTOS/Source/tasks.o
 .bss.xNextTaskUnblockTime
                0x00000000200039f8        0x4 ./Middlewares/Third_Party/FreeRTOS/Source/tasks.o
 .bss.xIdleTaskHandle
                0x00000000200039fc        0x4 ./Middlewares/Third_Party/FreeRTOS/Source/tasks.o
 .bss.uxSchedulerSuspended
                0x0000000020003a00        0x4 ./Middlewares/Third_Party/FreeRTOS/Source/tasks.o
 .bss.xActiveTimerList1
                0x0000000020003a04       0x14 ./Middlewares/Third_Party/FreeRTOS/Source/timers.o
 .bss.xActiveTimerList2
                0x0000000020003a18       0x14 ./Middlewares/Third_Party/FreeRTOS/Source/timers.o
 .bss.pxCurrentTimerList
                0x0000000020003a2c        0x4 ./Middlewares/Third_Party/FreeRTOS/Source/timers.o
 .bss.pxOverflowTimerList
                0x0000000020003a30        0x4 ./Middlewares/Third_Party/FreeRTOS/Source/timers.o
 .bss.xTimerQueue
                0x0000000020003a34        0x4 ./Middlewares/Third_Party/FreeRTOS/Source/timers.o
 .bss.xTimerTaskHandle
                0x0000000020003a38        0x4 ./Middlewares/Third_Party/FreeRTOS/Source/timers.o
 .bss.xLastTime.2
                0x0000000020003a3c        0x4 ./Middlewares/Third_Party/FreeRTOS/Source/timers.o
 .bss.ucStaticTimerQueueStorage.1
                0x0000000020003a40       0xa0 ./Middlewares/Third_Party/FreeRTOS/Source/timers.o
 .bss.xStaticTimerQueue.0
                0x0000000020003ae0       0x50 ./Middlewares/Third_Party/FreeRTOS/Source/timers.o
 .bss.ucMaxSysCallPriority
                0x0000000020003b30        0x1 ./Middlewares/Third_Party/FreeRTOS/Source/portable/GCC/ARM_CM4F/port.o
 *fill*         0x0000000020003b31        0x3 
 .bss.ulMaxPRIGROUPValue
                0x0000000020003b34        0x4 ./Middlewares/Third_Party/FreeRTOS/Source/portable/GCC/ARM_CM4F/port.o
 .bss.ucHeap    0x0000000020003b38     0x3c00 ./Middlewares/Third_Party/FreeRTOS/Source/portable/MemMang/heap_4.o
 .bss.xStart    0x0000000020007738        0x8 ./Middlewares/Third_Party/FreeRTOS/Source/portable/MemMang/heap_4.o
 .bss.pxEnd     0x0000000020007740        0x4 ./Middlewares/Third_Party/FreeRTOS/Source/portable/MemMang/heap_4.o
 .bss.xFreeBytesRemaining
                0x0000000020007744        0x4 ./Middlewares/Third_Party/FreeRTOS/Source/portable/MemMang/heap_4.o
 .bss.xMinimumEverFreeBytesRemaining
                0x0000000020007748        0x4 ./Middlewares/Third_Party/FreeRTOS/Source/portable/MemMang/heap_4.o
 .bss.xNumberOfSuccessfulAllocations
                0x000000002000774c        0x4 ./Middlewares/Third_Party/FreeRTOS/Source/portable/MemMang/heap_4.o
 .bss.xNumberOfSuccessfulFrees
                0x0000000020007750        0x4 ./Middlewares/Third_Party/FreeRTOS/Source/portable/MemMang/heap_4.o
 .bss.xBlockAllocatedBit
                0x0000000020007754        0x4 ./Middlewares/Third_Party/FreeRTOS/Source/portable/MemMang/heap_4.o
 .bss.__lock___malloc_recursive_mutex
                0x0000000020007758        0x1 c:/st/stm32cubeide_1.11.0/stm32cubeide/plugins/com.st.stm32cube.ide.mcu.externaltools.gnu-tools-for-stm32.10.3-2021.10.win32_1.0.200.202301161003/tools/bin/../lib/gcc/arm-none-eabi/10.3.1/../../../../arm-none-eabi/lib/thumb/v7e-m+fp/hard\libc_nano.a(lib_a-lock.o)
                0x0000000020007758                __lock___malloc_recursive_mutex
 *fill*         0x0000000020007759        0x3 
 .bss.__malloc_free_list
                0x000000002000775c        0x4 c:/st/stm32cubeide_1.11.0/stm32cubeide/plugins/com.st.stm32cube.ide.mcu.externaltools.gnu-tools-for-stm32.10.3-2021.10.win32_1.0.200.202301161003/tools/bin/../lib/gcc/arm-none-eabi/10.3.1/../../../../arm-none-eabi/lib/thumb/v7e-m+fp/hard\libc_nano.a(lib_a-nano-mallocr.o)
                0x000000002000775c                __malloc_free_list
 .bss.__malloc_sbrk_start
                0x0000000020007760        0x4 c:/st/stm32cubeide_1.11.0/stm32cubeide/plugins/com.st.stm32cube.ide.mcu.externaltools.gnu-tools-for-stm32.10.3-2021.10.win32_1.0.200.202301161003/tools/bin/../lib/gcc/arm-none-eabi/10.3.1/../../../../arm-none-eabi/lib/thumb/v7e-m+fp/hard\libc_nano.a(lib_a-nano-mallocr.o)
                0x0000000020007760                __malloc_sbrk_start
 .bss.errno     0x0000000020007764        0x4 c:/st/stm32cubeide_1.11.0/stm32cubeide/plugins/com.st.stm32cube.ide.mcu.externaltools.gnu-tools-for-stm32.10.3-2021.10.win32_1.0.200.202301161003/tools/bin/../lib/gcc/arm-none-eabi/10.3.1/../../../../arm-none-eabi/lib/thumb/v7e-m+fp/hard\libc_nano.a(lib_a-reent.o)
                0x0000000020007764                errno
 *(COMMON)
                0x0000000020007768                . = ALIGN (0x4)
                0x0000000020007768                _ebss = .
                0x0000000020007768                __bss_end__ = _ebss

._user_heap_stack
                0x0000000020007768      0x600 load address 0x000000000800be98
                0x0000000020007768                . = ALIGN (0x8)
                [!provide]                        PROVIDE (end = .)
                0x0000000020007768                PROVIDE (_end = .)
                0x0000000020007968                . = (. + _Min_Heap_Size)
 *fill*         0x0000000020007768      0x200 
                0x0000000020007d68                . = (. + _Min_Stack_Size)
 *fill*         0x0000000020007968      0x400 
                0x0000000020007d68                . = ALIGN (0x8)

/DISCARD/
 libc.a(*)
 libm.a(*)
 libgcc.a(*)

.ARM.attributes
                0x0000000000000000       0x30
 *(.ARM.attributes)
 .ARM.attributes